Archive member included because of file (symbol)

/home/sleepy/devkitPro/libogc/lib/cube/libogc.a(console.o)
                              main.o (CON_Init)
/home/sleepy/devkitPro/libogc/lib/cube/libogc.a(video.o)
                              /home/sleepy/devkitPro/libogc/lib/cube/libogc.a(console.o) (VIDEO_GetCurrentFramebuffer)
/home/sleepy/devkitPro/libogc/lib/cube/libogc.a(pad.o)
                              main.o (PAD_Init)
/home/sleepy/devkitPro/libogc/lib/cube/libogc.a(system.o)
                              /home/sleepy/devkitPro/libogc/lib/cube/libogc.a(video.o) (__SYS_LockSram)
/home/sleepy/devkitPro/libogc/lib/cube/libogc.a(system_asm.o)
                              /home/sleepy/devkitPro/libogc/lib/cube/libogc.a(system.o) (__reset)
/home/sleepy/devkitPro/libogc/lib/cube/libogc.a(cond.o)
                              /home/sleepy/devkitPro/libogc/lib/cube/libogc.a(system.o) (__lwp_cond_init)
/home/sleepy/devkitPro/libogc/lib/cube/libogc.a(decrementer.o)
                              /home/sleepy/devkitPro/libogc/lib/cube/libogc.a(system.o) (__decrementer_init)
/home/sleepy/devkitPro/libogc/lib/cube/libogc.a(message.o)
                              /home/sleepy/devkitPro/libogc/lib/cube/libogc.a(system.o) (__lwp_mqbox_init)
/home/sleepy/devkitPro/libogc/lib/cube/libogc.a(si.o)
                              /home/sleepy/devkitPro/libogc/lib/cube/libogc.a(pad.o) (SI_Busy)
/home/sleepy/devkitPro/libogc/lib/cube/libogc.a(ogc_crt0.o)
                              (_start)
/home/sleepy/devkitPro/libogc/lib/cube/libogc.a(console_font_8x16.o)
                              /home/sleepy/devkitPro/libogc/lib/cube/libogc.a(console.o) (console_font_8x16)
/home/sleepy/devkitPro/libogc/lib/cube/libogc.a(timesupp.o)
                              /home/sleepy/devkitPro/libogc/lib/cube/libogc.a(system.o) (gettick)
/home/sleepy/devkitPro/libogc/lib/cube/libogc.a(lock_supp.o)
                              /home/sleepy/devkitPro/libogc/lib/cube/libogc.a(system.o) (__libogc_lock_init)
/home/sleepy/devkitPro/libogc/lib/cube/libogc.a(newlibc.o)
                              /home/sleepy/devkitPro/libogc/lib/cube/libogc.a(system.o) (__libc_init)
/home/sleepy/devkitPro/libogc/lib/cube/libogc.a(usbgecko.o)
                              /home/sleepy/devkitPro/libogc/lib/cube/libogc.a(console.o) (usb_isgeckoalive)
/home/sleepy/devkitPro/libogc/lib/cube/libogc.a(sbrk.o)
                              /home/sleepy/devkitPro/libogc/lib/cube/libogc.a(system.o) (__libogc_sbrk_r)
/home/sleepy/devkitPro/libogc/lib/cube/libogc.a(malloc_lock.o)
                              /home/sleepy/devkitPro/libogc/lib/cube/libogc.a(system.o) (__memlock_init)
/home/sleepy/devkitPro/libogc/lib/cube/libogc.a(argv.o)
                              /home/sleepy/devkitPro/libogc/lib/cube/libogc.a(ogc_crt0.o) (__CheckARGV)
/home/sleepy/devkitPro/libogc/lib/cube/libogc.a(lwp_priority.o)
                              /home/sleepy/devkitPro/libogc/lib/cube/libogc.a(system.o) (__lwp_priority_init)
/home/sleepy/devkitPro/libogc/lib/cube/libogc.a(lwp_threadq.o)
                              /home/sleepy/devkitPro/libogc/lib/cube/libogc.a(cond.o) (__lwp_threadqueue_init)
/home/sleepy/devkitPro/libogc/lib/cube/libogc.a(lwp_threads.o)
                              /home/sleepy/devkitPro/libogc/lib/cube/libogc.a(system.o) (_thread_dispatch_disable_level)
/home/sleepy/devkitPro/libogc/lib/cube/libogc.a(lwp_messages.o)
                              /home/sleepy/devkitPro/libogc/lib/cube/libogc.a(message.o) (__lwpmq_initialize)
/home/sleepy/devkitPro/libogc/lib/cube/libogc.a(lwp.o)
                              /home/sleepy/devkitPro/libogc/lib/cube/libogc.a(system.o) (__lwp_sysinit)
/home/sleepy/devkitPro/libogc/lib/cube/libogc.a(lwp_handler.o)
                              /home/sleepy/devkitPro/libogc/lib/cube/libogc.a(lwp_threads.o) (_cpu_context_save_fp)
/home/sleepy/devkitPro/libogc/lib/cube/libogc.a(lwp_stack.o)
                              /home/sleepy/devkitPro/libogc/lib/cube/libogc.a(lwp_threads.o) (__lwp_stack_allocate)
/home/sleepy/devkitPro/libogc/lib/cube/libogc.a(lwp_mutex.o)
                              /home/sleepy/devkitPro/libogc/lib/cube/libogc.a(malloc_lock.o) (__lwp_mutex_initialize)
/home/sleepy/devkitPro/libogc/lib/cube/libogc.a(lwp_watchdog.o)
                              /home/sleepy/devkitPro/libogc/lib/cube/libogc.a(system.o) (__lwp_watchdog_init)
/home/sleepy/devkitPro/libogc/lib/cube/libogc.a(lwp_wkspace.o)
                              /home/sleepy/devkitPro/libogc/lib/cube/libogc.a(lwp_messages.o) (__wkspace_heap)
/home/sleepy/devkitPro/libogc/lib/cube/libogc.a(lwp_objmgr.o)
                              /home/sleepy/devkitPro/libogc/lib/cube/libogc.a(system.o) (__lwp_objmgr_initinfo)
/home/sleepy/devkitPro/libogc/lib/cube/libogc.a(lwp_heap.o)
                              /home/sleepy/devkitPro/libogc/lib/cube/libogc.a(lwp_wkspace.o) (__lwp_heap_init)
/home/sleepy/devkitPro/libogc/lib/cube/libogc.a(sys_state.o)
[...]
Memory Configuration

Name             Origin             Length             Attributes
*default*        0x0000000000000000 0xffffffffffffffff

Linker script and memory map

                0x0000000080003100                . = 0x80003100

.init           0x0000000080003100      0x194
 *crt0.o(*.init)
 .init          0x0000000080003100      0x170 /home/sleepy/devkitPro/libogc/lib/cube/libogc.a(ogc_crt0.o)
                0x0000000080003100                _start
                0x0000000080003240                _memset
 *(.init)
 .init          0x0000000080003270        0xc /home/sleepy/devkitPro/devkitPPC/bin/../lib/gcc/powerpc-eabi/4.6.3/ecrti.o
                0x0000000080003270                __init
 .init          0x000000008000327c        0x4 /home/sleepy/devkitPro/devkitPPC/bin/../lib/gcc/powerpc-eabi/4.6.3/crtbegin.o
 .init          0x0000000080003280        0x4 /home/sleepy/devkitPro/devkitPPC/bin/../lib/gcc/powerpc-eabi/4.6.3/crtend.o
 .init          0x0000000080003284       0x10 /home/sleepy/devkitPro/devkitPPC/bin/../lib/gcc/powerpc-eabi/4.6.3/ecrtn.o

.rela.dyn       0x0000000080003294        0x0
 .rela.iplt     0x0000000000000000        0x0 /home/sleepy/devkitPro/devkitPPC/bin/../lib/gcc/powerpc-eabi/4.6.3/crtbegin.o

.plt
 *(.plt)

.interp
 *(.interp)

.hash
 *(.hash)

.dynsym
 *(.dynsym)

.dynstr
 *(.dynstr)

.gnu.version
 *(.gnu.version)

.gnu.version_d
 *(.gnu.version_d)

.gnu.version_r
 *(.gnu.version_r)

.rel.init
 *(.rel.init)

.rela.init      0x0000000080003294        0x0
 *(.rela.init)
 .rela.init     0x0000000000000000        0x0 /home/sleepy/devkitPro/devkitPPC/bin/../lib/gcc/powerpc-eabi/4.6.3/crtbegin.o

.rel.text
 *(.rel.text .rel.text.* .rel.gnu.linkonce.t.*)

.rela.text      0x0000000080003294        0x0
 *(.rela.text .rela.text.* .rela.gnu.linkonce.t.*)
 .rela.text     0x0000000000000000        0x0 /home/sleepy/devkitPro/devkitPPC/bin/../lib/gcc/powerpc-eabi/4.6.3/crtbegin.o
 .rela.text.startup.main
                0x0000000000000000        0x0 /home/sleepy/devkitPro/devkitPPC/bin/../lib/gcc/powerpc-eabi/4.6.3/crtbegin.o
 .rela.text.__console_init
                0x0000000000000000        0x0 /home/sleepy/devkitPro/devkitPPC/bin/../lib/gcc/powerpc-eabi/4.6.3/crtbegin.o
 .rela.text.__console_init_ex
                0x0000000000000000        0x0 /home/sleepy/devkitPro/devkitPPC/bin/../lib/gcc/powerpc-eabi/4.6.3/crtbegin.o
 .rela.text.CON_EnableGecko
                0x0000000000000000        0x0 /home/sleepy/devkitPro/devkitPPC/bin/../lib/gcc/powerpc-eabi/4.6.3/crtbegin.o
 .rela.text.__call_resetfuncs
                0x0000000000000000        0x0 /home/sleepy/devkitPro/devkitPPC/bin/../lib/gcc/powerpc-eabi/4.6.3/crtbegin.o
 .rela.text.__locksram
                0x0000000000000000        0x0 /home/sleepy/devkitPro/devkitPPC/bin/../lib/gcc/powerpc-eabi/4.6.3/crtbegin.o
 .rela.text.__lwp_wd_insert_ticks
                0x0000000000000000        0x0 /home/sleepy/devkitPro/devkitPPC/bin/../lib/gcc/powerpc-eabi/4.6.3/crtbegin.o
 .rela.text.__unlocksram
                0x0000000000000000        0x0 /home/sleepy/devkitPro/devkitPPC/bin/../lib/gcc/powerpc-eabi/4.6.3/crtbegin.o
 .rela.text.__sram_writecallback
                0x0000000000000000        0x0 /home/sleepy/devkitPro/devkitPPC/bin/../lib/gcc/powerpc-eabi/4.6.3/crtbegin.o
 .rela.text.__sram_init
                0x0000000000000000        0x0 /home/sleepy/devkitPro/devkitPPC/bin/../lib/gcc/powerpc-eabi/4.6.3/crtbegin.o
 .rela.text.__SYS_SyncSram
                0x0000000000000000        0x0 /home/sleepy/devkitPro/devkitPPC/bin/../lib/gcc/powerpc-eabi/4.6.3/crtbegin.o
 .rela.text.SYS_ResetSystem
                0x0000000000000000        0x0 /home/sleepy/devkitPro/devkitPPC/bin/../lib/gcc/powerpc-eabi/4.6.3/crtbegin.o
 .rela.text.SYS_Init
                0x0000000000000000        0x0 /home/sleepy/devkitPro/devkitPPC/bin/../lib/gcc/powerpc-eabi/4.6.3/crtbegin.o
 .rela.text.SYS_RemoveAlarm
                0x0000000000000000        0x0 /home/sleepy/devkitPro/devkitPPC/bin/../lib/gcc/powerpc-eabi/4.6.3/crtbegin.o
 .rela.text.SYS_CancelAlarm
                0x0000000000000000        0x0 /home/sleepy/devkitPro/devkitPPC/bin/../lib/gcc/powerpc-eabi/4.6.3/crtbegin.o
 .rela.text.__lwp_cond_open
                0x0000000000000000        0x0 /home/sleepy/devkitPro/devkitPPC/bin/../lib/gcc/powerpc-eabi/4.6.3/crtbegin.o
 .rela.text.__lwp_cond_init
                0x0000000000000000        0x0 /home/sleepy/devkitPro/devkitPPC/bin/../lib/gcc/powerpc-eabi/4.6.3/crtbegin.o
 .rela.text.LWP_CondInit
                0x0000000000000000        0x0 /home/sleepy/devkitPro/devkitPPC/bin/../lib/gcc/powerpc-eabi/4.6.3/crtbegin.o
 .rela.text.LWP_CondDestroy
                0x0000000000000000        0x0 /home/sleepy/devkitPro/devkitPPC/bin/../lib/gcc/powerpc-eabi/4.6.3/crtbegin.o
 .rela.text.c_decrementer_handler
                0x0000000000000000        0x0 /home/sleepy/devkitPro/devkitPPC/bin/../lib/gcc/powerpc-eabi/4.6.3/crtbegin.o
 .rela.text.__lwp_mqbox_free
                0x0000000000000000        0x0 /home/sleepy/devkitPro/devkitPPC/bin/../lib/gcc/powerpc-eabi/4.6.3/crtbegin.o
 .rela.text.__lwp_mqbox_open
                0x0000000000000000        0x0 /home/sleepy/devkitPro/devkitPPC/bin/../lib/gcc/powerpc-eabi/4.6.3/crtbegin.o
 .rela.text.__lwp_mqbox_init
                0x0000000000000000        0x0 /home/sleepy/devkitPro/devkitPPC/bin/../lib/gcc/powerpc-eabi/4.6.3/crtbegin.o
 .rela.text.MQ_Init
                0x0000000000000000        0x0 /home/sleepy/devkitPro/devkitPPC/bin/../lib/gcc/powerpc-eabi/4.6.3/crtbegin.o
 .rela.text.nanosleep
                0x0000000000000000        0x0 /home/sleepy/devkitPro/devkitPPC/bin/../lib/gcc/powerpc-eabi/4.6.3/crtbegin.o
 .rela.text.__libc_delete_hook
                0x0000000000000000        0x0 /home/sleepy/devkitPro/devkitPPC/bin/../lib/gcc/powerpc-eabi/4.6.3/crtbegin.o
 .rela.text.__libc_init
                0x0000000000000000        0x0 /home/sleepy/devkitPro/devkitPPC/bin/../lib/gcc/powerpc-eabi/4.6.3/crtbegin.o
 .rela.text.__libc_wrapup
                0x0000000000000000        0x0 /home/sleepy/devkitPro/devkitPPC/bin/../lib/gcc/powerpc-eabi/4.6.3/crtbegin.o
 .rela.text.__CheckARGV
                0x0000000000000000        0x0 /home/sleepy/devkitPro/devkitPPC/bin/../lib/gcc/powerpc-eabi/4.6.3/crtbegin.o
 .rela.text.__lwp_priority_init
                0x0000000000000000        0x0 /home/sleepy/devkitPro/devkitPPC/bin/../lib/gcc/powerpc-eabi/4.6.3/crtbegin.o
 .rela.text.__lwp_wd_remove_ticks
                0x0000000000000000        0x0 /home/sleepy/devkitPro/devkitPPC/bin/../lib/gcc/powerpc-eabi/4.6.3/crtbegin.o
 .rela.text.__lwp_threadqueue_enqueue
                0x0000000000000000        0x0 /home/sleepy/devkitPro/devkitPPC/bin/../lib/gcc/powerpc-eabi/4.6.3/crtbegin.o
 .rela.text.__lwp_thread_calcheir
                0x0000000000000000        0x0 /home/sleepy/devkitPro/devkitPPC/bin/../lib/gcc/powerpc-eabi/4.6.3/crtbegin.o
 .rela.text.__lwp_wd_insert_ticks.constprop.4
                0x0000000000000000        0x0 /home/sleepy/devkitPro/devkitPPC/bin/../lib/gcc/powerpc-eabi/4.6.3/crtbegin.o
 .rela.text.__lwp_rotate_readyqueue
                0x0000000000000000        0x0 /home/sleepy/devkitPro/devkitPPC/bin/../lib/gcc/powerpc-eabi/4.6.3/crtbegin.o
 .rela.text.__lwp_thread_setpriority
                0x0000000000000000        0x0 /home/sleepy/devkitPro/devkitPPC/bin/../lib/gcc/powerpc-eabi/4.6.3/crtbegin.o
 .rela.text.__lwp_thread_close
                0x0000000000000000        0x0 /home/sleepy/devkitPro/devkitPPC/bin/../lib/gcc/powerpc-eabi/4.6.3/crtbegin.o
 .rela.text.__lwp_thread_closeall
                0x0000000000000000        0x0 /home/sleepy/devkitPro/devkitPPC/bin/../lib/gcc/powerpc-eabi/4.6.3/crtbegin.o
 .rela.text.__lwp_thread_startmultitasking
                0x0000000000000000        0x0 /home/sleepy/devkitPro/devkitPPC/bin/../lib/gcc/powerpc-eabi/4.6.3/crtbegin.o
 .rela.text.__lwp_thread_stopmultitasking
                0x0000000000000000        0x0 /home/sleepy/devkitPro/devkitPPC/bin/../lib/gcc/powerpc-eabi/4.6.3/crtbegin.o
 .rela.text.__lwp_thread_coreinit
                0x0000000000000000        0x0 /home/sleepy/devkitPro/devkitPPC/bin/../lib/gcc/powerpc-eabi/4.6.3/crtbegin.o
 .rela.text.__lwpmq_initialize
                0x0000000000000000        0x0 /home/sleepy/devkitPro/devkitPPC/bin/../lib/gcc/powerpc-eabi/4.6.3/crtbegin.o
 .rela.text.__lwpmq_close
                0x0000000000000000        0x0 /home/sleepy/devkitPro/devkitPPC/bin/../lib/gcc/powerpc-eabi/4.6.3/crtbegin.o
 .rela.text.__lwp_cntrl_free
                0x0000000000000000        0x0 /home/sleepy/devkitPro/devkitPPC/bin/../lib/gcc/powerpc-eabi/4.6.3/crtbegin.o
 .rela.text.__lwp_tqueue_open
                0x0000000000000000        0x0 /home/sleepy/devkitPro/devkitPPC/bin/../lib/gcc/powerpc-eabi/4.6.3/crtbegin.o
 .rela.text.__lwp_cntrl_open
                0x0000000000000000        0x0 /home/sleepy/devkitPro/devkitPPC/bin/../lib/gcc/powerpc-eabi/4.6.3/crtbegin.o
 .rela.text.__lwp_sysinit
                0x0000000000000000        0x0 /home/sleepy/devkitPro/devkitPPC/bin/../lib/gcc/powerpc-eabi/4.6.3/crtbegin.o
 .rela.text.__lwp_thread_isalive
                0x0000000000000000        0x0 /home/sleepy/devkitPro/devkitPPC/bin/../lib/gcc/powerpc-eabi/4.6.3/crtbegin.o
 .rela.text.__lwp_thread_exists
                0x0000000000000000        0x0 /home/sleepy/devkitPro/devkitPPC/bin/../lib/gcc/powerpc-eabi/4.6.3/crtbegin.o
 .rela.text.__lwp_thread_context
                0x0000000000000000        0x0 /home/sleepy/devkitPro/devkitPPC/bin/../lib/gcc/powerpc-eabi/4.6.3/crtbegin.o
 .rela.text.LWP_CreateThread
                0x0000000000000000        0x0 /home/sleepy/devkitPro/devkitPPC/bin/../lib/gcc/powerpc-eabi/4.6.3/crtbegin.o
 .rela.text.LWP_InitQueue
                0x0000000000000000        0x0 /home/sleepy/devkitPro/devkitPPC/bin/../lib/gcc/powerpc-eabi/4.6.3/crtbegin.o
 .rela.text.LWP_CloseQueue
                0x0000000000000000        0x0 /home/sleepy/devkitPro/devkitPPC/bin/../lib/gcc/powerpc-eabi/4.6.3/crtbegin.o
 .rela.text.__lwp_stack_allocate
                0x0000000000000000        0x0 /home/sleepy/devkitPro/devkitPPC/bin/../lib/gcc/powerpc-eabi/4.6.3/crtbegin.o
 .rela.text.__lwp_stack_free
                0x0000000000000000        0x0 /home/sleepy/devkitPro/devkitPPC/bin/../lib/gcc/powerpc-eabi/4.6.3/crtbegin.o
 .rela.text.__lwp_watchdog_init
                0x0000000000000000        0x0 /home/sleepy/devkitPro/devkitPPC/bin/../lib/gcc/powerpc-eabi/4.6.3/crtbegin.o
 .rela.text.__lwp_wd_tickle
                0x0000000000000000        0x0 /home/sleepy/devkitPro/devkitPPC/bin/../lib/gcc/powerpc-eabi/4.6.3/crtbegin.o
 .rela.text.__lwp_wkspace_heapfree
                0x0000000000000000        0x0 /home/sleepy/devkitPro/devkitPPC/bin/../lib/gcc/powerpc-eabi/4.6.3/crtbegin.o
 .rela.text.__lwp_wkspace_heapused
                0x0000000000000000        0x0 /home/sleepy/devkitPro/devkitPPC/bin/../lib/gcc/powerpc-eabi/4.6.3/crtbegin.o
 .rela.text.__lwp_wkspace_init
                0x0000000000000000        0x0 /home/sleepy/devkitPro/devkitPPC/bin/../lib/gcc/powerpc-eabi/4.6.3/crtbegin.o
 .rela.text.__lwp_objmgr_initinfo
                0x0000000000000000        0x0 /home/sleepy/devkitPro/devkitPPC/bin/../lib/gcc/powerpc-eabi/4.6.3/crtbegin.o
 .rela.text.__systemcall_init
                0x0000000000000000        0x0 /home/sleepy/devkitPro/devkitPPC/bin/../lib/gcc/powerpc-eabi/4.6.3/crtbegin.o
 .rela.text.__exception_init
                0x0000000000000000        0x0 /home/sleepy/devkitPro/devkitPPC/bin/../lib/gcc/powerpc-eabi/4.6.3/crtbegin.o
 .rela.text.__exception_close
                0x0000000000000000        0x0 /home/sleepy/devkitPro/devkitPPC/bin/../lib/gcc/powerpc-eabi/4.6.3/crtbegin.o
 .rela.text.__exception_sethandler
                0x0000000000000000        0x0 /home/sleepy/devkitPro/devkitPPC/bin/../lib/gcc/powerpc-eabi/4.6.3/crtbegin.o
 .rela.text.__irq_init
                0x0000000000000000        0x0 /home/sleepy/devkitPro/devkitPPC/bin/../lib/gcc/powerpc-eabi/4.6.3/crtbegin.o
 .rela.text.__lwp_sema_open
                0x0000000000000000        0x0 /home/sleepy/devkitPro/devkitPPC/bin/../lib/gcc/powerpc-eabi/4.6.3/crtbegin.o
 .rela.text.__lwp_sema_init
                0x0000000000000000        0x0 /home/sleepy/devkitPro/devkitPPC/bin/../lib/gcc/powerpc-eabi/4.6.3/crtbegin.o
 .rela.text.LWP_SemInit
                0x0000000000000000        0x0 /home/sleepy/devkitPro/devkitPPC/bin/../lib/gcc/powerpc-eabi/4.6.3/crtbegin.o
 .rela.text.LWP_SemDestroy
                0x0000000000000000        0x0 /home/sleepy/devkitPro/devkitPPC/bin/../lib/gcc/powerpc-eabi/4.6.3/crtbegin.o
 .rela.text.__lwp_mutex_locksupp.constprop.7
                0x0000000000000000        0x0 /home/sleepy/devkitPro/devkitPPC/bin/../lib/gcc/powerpc-eabi/4.6.3/crtbegin.o
 .rela.text.__lwp_mutex_init
                0x0000000000000000        0x0 /home/sleepy/devkitPro/devkitPPC/bin/../lib/gcc/powerpc-eabi/4.6.3/crtbegin.o
 .rela.text.LWP_MutexInit
                0x0000000000000000        0x0 /home/sleepy/devkitPro/devkitPPC/bin/../lib/gcc/powerpc-eabi/4.6.3/crtbegin.o
 .rela.text.LWP_MutexDestroy
                0x0000000000000000        0x0 /home/sleepy/devkitPro/devkitPPC/bin/../lib/gcc/powerpc-eabi/4.6.3/crtbegin.o
 .rela.text.LWP_MutexUnlock
                0x0000000000000000        0x0 /home/sleepy/devkitPro/devkitPPC/bin/../lib/gcc/powerpc-eabi/4.6.3/crtbegin.o
 .rela.text.__GX_FifoLink
                0x0000000000000000        0x0 /home/sleepy/devkitPro/devkitPPC/bin/../lib/gcc/powerpc-eabi/4.6.3/crtbegin.o
 .rela.text.__GX_WriteFifoIntEnable
                0x0000000000000000        0x0 /home/sleepy/devkitPro/devkitPPC/bin/../lib/gcc/powerpc-eabi/4.6.3/crtbegin.o
 .rela.text.__GX_FifoReadEnable
                0x0000000000000000        0x0 /home/sleepy/devkitPro/devkitPPC/bin/../lib/gcc/powerpc-eabi/4.6.3/crtbegin.o
 .rela.text.__GX_FifoReadDisable
                0x0000000000000000        0x0 /home/sleepy/devkitPro/devkitPPC/bin/../lib/gcc/powerpc-eabi/4.6.3/crtbegin.o
 .rela.text.__GXDefTlutRegionCallback
                0x0000000000000000        0x0 /home/sleepy/devkitPro/devkitPPC/bin/../lib/gcc/powerpc-eabi/4.6.3/crtbegin.o
 .rela.text.__GX_FlushTextureState
                0x0000000000000000        0x0 /home/sleepy/devkitPro/devkitPPC/bin/../lib/gcc/powerpc-eabi/4.6.3/crtbegin.o
 .rela.text.__SetSURegs
                0x0000000000000000        0x0 /home/sleepy/devkitPro/devkitPPC/bin/../lib/gcc/powerpc-eabi/4.6.3/crtbegin.o
 .rela.text.__SETVCDFMT
                0x0000000000000000        0x0 /home/sleepy/devkitPro/devkitPPC/bin/../lib/gcc/powerpc-eabi/4.6.3/crtbegin.o
 .rela.text.__GX_SetMatrixIndex
                0x0000000000000000        0x0 /home/sleepy/devkitPro/devkitPPC/bin/../lib/gcc/powerpc-eabi/4.6.3/crtbegin.o
 .rela.text.__GX_SetDirtyState
                0x0000000000000000        0x0 /home/sleepy/devkitPro/devkitPPC/bin/../lib/gcc/powerpc-eabi/4.6.3/crtbegin.o
 .rela.text.__SETVCDATTR
                0x0000000000000000        0x0 /home/sleepy/devkitPro/devkitPPC/bin/../lib/gcc/powerpc-eabi/4.6.3/crtbegin.o
 .rela.text.__GXDefTexRegionCallback
                0x0000000000000000        0x0 /home/sleepy/devkitPro/devkitPPC/bin/../lib/gcc/powerpc-eabi/4.6.3/crtbegin.o
 .rela.text.__GX_WriteFifoIntReset.constprop.7
                0x0000000000000000        0x0 /home/sleepy/devkitPro/devkitPPC/bin/../lib/gcc/powerpc-eabi/4.6.3/crtbegin.o
 .rela.text.__GXCPInterruptHandler
                0x0000000000000000        0x0 /home/sleepy/devkitPro/devkitPPC/bin/../lib/gcc/powerpc-eabi/4.6.3/crtbegin.o
 .rela.text.GX_Flush
                0x0000000000000000        0x0 /home/sleepy/devkitPro/devkitPPC/bin/../lib/gcc/powerpc-eabi/4.6.3/crtbegin.o
 .rela.text.GX_EnableBreakPt
                0x0000000000000000        0x0 /home/sleepy/devkitPro/devkitPPC/bin/../lib/gcc/powerpc-eabi/4.6.3/crtbegin.o
 .rela.text.GX_DisableBreakPt
                0x0000000000000000        0x0 /home/sleepy/devkitPro/devkitPPC/bin/../lib/gcc/powerpc-eabi/4.6.3/crtbegin.o
 .rela.text.GX_AbortFrame
                0x0000000000000000        0x0 /home/sleepy/devkitPro/devkitPPC/bin/../lib/gcc/powerpc-eabi/4.6.3/crtbegin.o
 .rela.text.GX_PixModeSync
                0x0000000000000000        0x0 /home/sleepy/devkitPro/devkitPPC/bin/../lib/gcc/powerpc-eabi/4.6.3/crtbegin.o
 .rela.text.GX_SetMisc
                0x0000000000000000        0x0 /home/sleepy/devkitPro/devkitPPC/bin/../lib/gcc/powerpc-eabi/4.6.3/crtbegin.o
 .rela.text.GX_SetCopyClamp
                0x0000000000000000        0x0 /home/sleepy/devkitPro/devkitPPC/bin/../lib/gcc/powerpc-eabi/4.6.3/crtbegin.o
 .rela.text.GX_SetDispCopyGamma
                0x0000000000000000        0x0 /home/sleepy/devkitPro/devkitPPC/bin/../lib/gcc/powerpc-eabi/4.6.3/crtbegin.o
 .rela.text.GX_SetDispCopyFrame2Field
                0x0000000000000000        0x0 /home/sleepy/devkitPro/devkitPPC/bin/../lib/gcc/powerpc-eabi/4.6.3/crtbegin.o
 .rela.text.GX_SetDispCopyYScale
                0x0000000000000000        0x0 /home/sleepy/devkitPro/devkitPPC/bin/../lib/gcc/powerpc-eabi/4.6.3/crtbegin.o
 .rela.text.GX_SetDispCopyDst
                0x0000000000000000        0x0 /home/sleepy/devkitPro/devkitPPC/bin/../lib/gcc/powerpc-eabi/4.6.3/crtbegin.o
 .rela.text.GX_SetDispCopySrc
                0x0000000000000000        0x0 /home/sleepy/devkitPro/devkitPPC/bin/../lib/gcc/powerpc-eabi/4.6.3/crtbegin.o
 .rela.text.GX_CopyDisp
                0x0000000000000000        0x0 /home/sleepy/devkitPro/devkitPPC/bin/../lib/gcc/powerpc-eabi/4.6.3/crtbegin.o
 .rela.text.GX_CopyTex
                0x0000000000000000        0x0 /home/sleepy/devkitPro/devkitPPC/bin/../lib/gcc/powerpc-eabi/4.6.3/crtbegin.o
 .rela.text.GX_SetTexCopySrc
                0x0000000000000000        0x0 /home/sleepy/devkitPro/devkitPPC/bin/../lib/gcc/powerpc-eabi/4.6.3/crtbegin.o
 .rela.text.GX_SetTexCopyDst
                0x0000000000000000        0x0 /home/sleepy/devkitPro/devkitPPC/bin/../lib/gcc/powerpc-eabi/4.6.3/crtbegin.o
 .rela.text.GX_BeginDispList
                0x0000000000000000        0x0 /home/sleepy/devkitPro/devkitPPC/bin/../lib/gcc/powerpc-eabi/4.6.3/crtbegin.o
 .rela.text.GX_EndDispList
                0x0000000000000000        0x0 /home/sleepy/devkitPro/devkitPPC/bin/../lib/gcc/powerpc-eabi/4.6.3/crtbegin.o
 .rela.text.GX_CallDispList
                0x0000000000000000        0x0 /home/sleepy/devkitPro/devkitPPC/bin/../lib/gcc/powerpc-eabi/4.6.3/crtbegin.o
 .rela.text.GX_SetChanCtrl
                0x0000000000000000        0x0 /home/sleepy/devkitPro/devkitPPC/bin/../lib/gcc/powerpc-eabi/4.6.3/crtbegin.o
 .rela.text.GX_SetChanAmbColor
                0x0000000000000000        0x0 /home/sleepy/devkitPro/devkitPPC/bin/../lib/gcc/powerpc-eabi/4.6.3/crtbegin.o
 .rela.text.GX_SetChanMatColor
                0x0000000000000000        0x0 /home/sleepy/devkitPro/devkitPPC/bin/../lib/gcc/powerpc-eabi/4.6.3/crtbegin.o
 .rela.text.GX_SetVtxDesc
                0x0000000000000000        0x0 /home/sleepy/devkitPro/devkitPPC/bin/../lib/gcc/powerpc-eabi/4.6.3/crtbegin.o
 .rela.text.GX_SetVtxDescv
                0x0000000000000000        0x0 /home/sleepy/devkitPro/devkitPPC/bin/../lib/gcc/powerpc-eabi/4.6.3/crtbegin.o
 .rela.text.GX_GetVtxDescv
                0x0000000000000000        0x0 /home/sleepy/devkitPro/devkitPPC/bin/../lib/gcc/powerpc-eabi/4.6.3/crtbegin.o
 .rela.text.GX_SetVtxAttrFmt
                0x0000000000000000        0x0 /home/sleepy/devkitPro/devkitPPC/bin/../lib/gcc/powerpc-eabi/4.6.3/crtbegin.o
 .rela.text.GX_SetVtxAttrFmtv
                0x0000000000000000        0x0 /home/sleepy/devkitPro/devkitPPC/bin/../lib/gcc/powerpc-eabi/4.6.3/crtbegin.o
 .rela.text.GX_Begin
                0x0000000000000000        0x0 /home/sleepy/devkitPro/devkitPPC/bin/../lib/gcc/powerpc-eabi/4.6.3/crtbegin.o
 .rela.text.GX_SetTexCoordGen2
                0x0000000000000000        0x0 /home/sleepy/devkitPro/devkitPPC/bin/../lib/gcc/powerpc-eabi/4.6.3/crtbegin.o
 .rela.text.GX_SetCurrentMtx
                0x0000000000000000        0x0 /home/sleepy/devkitPro/devkitPPC/bin/../lib/gcc/powerpc-eabi/4.6.3/crtbegin.o
 .rela.text.GX_SetNumTexGens
                0x0000000000000000        0x0 /home/sleepy/devkitPro/devkitPPC/bin/../lib/gcc/powerpc-eabi/4.6.3/crtbegin.o
 .rela.text.GX_SetZMode
                0x0000000000000000        0x0 /home/sleepy/devkitPro/devkitPPC/bin/../lib/gcc/powerpc-eabi/4.6.3/crtbegin.o
 .rela.text.GX_LoadTexObjPreloaded
                0x0000000000000000        0x0 /home/sleepy/devkitPro/devkitPPC/bin/../lib/gcc/powerpc-eabi/4.6.3/crtbegin.o
 .rela.text.GX_SetTexCoordScaleManually
                0x0000000000000000        0x0 /home/sleepy/devkitPro/devkitPPC/bin/../lib/gcc/powerpc-eabi/4.6.3/crtbegin.o
 .rela.text.GX_SetTexCoordCylWrap
                0x0000000000000000        0x0 /home/sleepy/devkitPro/devkitPPC/bin/../lib/gcc/powerpc-eabi/4.6.3/crtbegin.o
 .rela.text.GX_SetTexCoordBias
                0x0000000000000000        0x0 /home/sleepy/devkitPro/devkitPPC/bin/../lib/gcc/powerpc-eabi/4.6.3/crtbegin.o
 .rela.text.GX_SetBlendMode
                0x0000000000000000        0x0 /home/sleepy/devkitPro/devkitPPC/bin/../lib/gcc/powerpc-eabi/4.6.3/crtbegin.o
 .rela.text.GX_ClearVtxDesc
                0x0000000000000000        0x0 /home/sleepy/devkitPro/devkitPPC/bin/../lib/gcc/powerpc-eabi/4.6.3/crtbegin.o
 .rela.text.GX_SetLineWidth
                0x0000000000000000        0x0 /home/sleepy/devkitPro/devkitPPC/bin/../lib/gcc/powerpc-eabi/4.6.3/crtbegin.o
 .rela.text.GX_SetPointSize
                0x0000000000000000        0x0 /home/sleepy/devkitPro/devkitPPC/bin/../lib/gcc/powerpc-eabi/4.6.3/crtbegin.o
 .rela.text.GX_SetTevColorIn
                0x0000000000000000        0x0 /home/sleepy/devkitPro/devkitPPC/bin/../lib/gcc/powerpc-eabi/4.6.3/crtbegin.o
 .rela.text.GX_SetTevAlphaIn
                0x0000000000000000        0x0 /home/sleepy/devkitPro/devkitPPC/bin/../lib/gcc/powerpc-eabi/4.6.3/crtbegin.o
 .rela.text.GX_SetTevColorOp
                0x0000000000000000        0x0 /home/sleepy/devkitPro/devkitPPC/bin/../lib/gcc/powerpc-eabi/4.6.3/crtbegin.o
 .rela.text.GX_SetTevAlphaOp
                0x0000000000000000        0x0 /home/sleepy/devkitPro/devkitPPC/bin/../lib/gcc/powerpc-eabi/4.6.3/crtbegin.o
 .rela.text.GX_SetCullMode
                0x0000000000000000        0x0 /home/sleepy/devkitPro/devkitPPC/bin/../lib/gcc/powerpc-eabi/4.6.3/crtbegin.o
 .rela.text.GX_SetCoPlanar
                0x0000000000000000        0x0 /home/sleepy/devkitPro/devkitPPC/bin/../lib/gcc/powerpc-eabi/4.6.3/crtbegin.o
 .rela.text.GX_EnableTexOffsets
                0x0000000000000000        0x0 /home/sleepy/devkitPro/devkitPPC/bin/../lib/gcc/powerpc-eabi/4.6.3/crtbegin.o
 .rela.text.GX_SetScissor
                0x0000000000000000        0x0 /home/sleepy/devkitPro/devkitPPC/bin/../lib/gcc/powerpc-eabi/4.6.3/crtbegin.o
 .rela.text.GX_SetNumChans
                0x0000000000000000        0x0 /home/sleepy/devkitPro/devkitPPC/bin/../lib/gcc/powerpc-eabi/4.6.3/crtbegin.o
 .rela.text.GX_SetTevOrder
                0x0000000000000000        0x0 /home/sleepy/devkitPro/devkitPPC/bin/../lib/gcc/powerpc-eabi/4.6.3/crtbegin.o
 .rela.text.GX_SetNumTevStages
                0x0000000000000000        0x0 /home/sleepy/devkitPro/devkitPPC/bin/../lib/gcc/powerpc-eabi/4.6.3/crtbegin.o
 .rela.text.GX_SetTevKColorSel
                0x0000000000000000        0x0 /home/sleepy/devkitPro/devkitPPC/bin/../lib/gcc/powerpc-eabi/4.6.3/crtbegin.o
 .rela.text.GX_SetTevKAlphaSel
                0x0000000000000000        0x0 /home/sleepy/devkitPro/devkitPPC/bin/../lib/gcc/powerpc-eabi/4.6.3/crtbegin.o
 .rela.text.GX_SetTevSwapMode
                0x0000000000000000        0x0 /home/sleepy/devkitPro/devkitPPC/bin/../lib/gcc/powerpc-eabi/4.6.3/crtbegin.o
 .rela.text.GX_SetTevSwapModeTable
                0x0000000000000000        0x0 /home/sleepy/devkitPro/devkitPPC/bin/../lib/gcc/powerpc-eabi/4.6.3/crtbegin.o
 .rela.text.GX_SetNumIndStages
                0x0000000000000000        0x0 /home/sleepy/devkitPro/devkitPPC/bin/../lib/gcc/powerpc-eabi/4.6.3/crtbegin.o
 .rela.text.GX_SetIndTexCoordScale
                0x0000000000000000        0x0 /home/sleepy/devkitPro/devkitPPC/bin/../lib/gcc/powerpc-eabi/4.6.3/crtbegin.o
 .rela.text.GX_SetColorUpdate
                0x0000000000000000        0x0 /home/sleepy/devkitPro/devkitPPC/bin/../lib/gcc/powerpc-eabi/4.6.3/crtbegin.o
 .rela.text.GX_SetAlphaUpdate
                0x0000000000000000        0x0 /home/sleepy/devkitPro/devkitPPC/bin/../lib/gcc/powerpc-eabi/4.6.3/crtbegin.o
 .rela.text.GX_SetZCompLoc
                0x0000000000000000        0x0 /home/sleepy/devkitPro/devkitPPC/bin/../lib/gcc/powerpc-eabi/4.6.3/crtbegin.o
 .rela.text.GX_SetPixelFmt
                0x0000000000000000        0x0 /home/sleepy/devkitPro/devkitPPC/bin/../lib/gcc/powerpc-eabi/4.6.3/crtbegin.o
 .rela.text.GX_SetDither
                0x0000000000000000        0x0 /home/sleepy/devkitPro/devkitPPC/bin/../lib/gcc/powerpc-eabi/4.6.3/crtbegin.o
 .rela.text.GX_SetDstAlpha
                0x0000000000000000        0x0 /home/sleepy/devkitPro/devkitPPC/bin/../lib/gcc/powerpc-eabi/4.6.3/crtbegin.o
 .rela.text.GX_SetFieldMode
                0x0000000000000000        0x0 /home/sleepy/devkitPro/devkitPPC/bin/../lib/gcc/powerpc-eabi/4.6.3/crtbegin.o
 .rela.text.GX_SetIndTexOrder
                0x0000000000000000        0x0 /home/sleepy/devkitPro/devkitPPC/bin/../lib/gcc/powerpc-eabi/4.6.3/crtbegin.o
 .rela.text.GX_SetGPMetric
                0x0000000000000000        0x0 /home/sleepy/devkitPro/devkitPPC/bin/../lib/gcc/powerpc-eabi/4.6.3/crtbegin.o
 .rela.text.GX_Init
                0x0000000000000000        0x0 /home/sleepy/devkitPro/devkitPPC/bin/../lib/gcc/powerpc-eabi/4.6.3/crtbegin.o
 .rela.text.GX_ReadGPMetric
                0x0000000000000000        0x0 /home/sleepy/devkitPro/devkitPPC/bin/../lib/gcc/powerpc-eabi/4.6.3/crtbegin.o
 .rela.text.kprintf
                0x0000000000000000        0x0 /home/sleepy/devkitPro/devkitPPC/bin/../lib/gcc/powerpc-eabi/4.6.3/crtbegin.o
 .rela.text.sinef
                0x0000000000000000        0x0 /home/sleepy/devkitPro/devkitPPC/bin/../lib/gcc/powerpc-eabi/4.6.3/crtbegin.o
 .rela.text.sqrtf
                0x0000000000000000        0x0 /home/sleepy/devkitPro/devkitPPC/bin/../lib/gcc/powerpc-eabi/4.6.3/crtbegin.o
 .rela.text.calloc
                0x0000000000000000        0x0 /home/sleepy/devkitPro/devkitPPC/bin/../lib/gcc/powerpc-eabi/4.6.3/crtbegin.o
 .rela.text.__errno
                0x0000000000000000        0x0 /home/sleepy/devkitPro/devkitPPC/bin/../lib/gcc/powerpc-eabi/4.6.3/crtbegin.o
 .rela.text.exit
                0x0000000000000000        0x0 /home/sleepy/devkitPro/devkitPPC/bin/../lib/gcc/powerpc-eabi/4.6.3/crtbegin.o
 .rela.text.fprintf
                0x0000000000000000        0x0 /home/sleepy/devkitPro/devkitPPC/bin/../lib/gcc/powerpc-eabi/4.6.3/crtbegin.o
 .rela.text._findenv
                0x0000000000000000        0x0 /home/sleepy/devkitPro/devkitPPC/bin/../lib/gcc/powerpc-eabi/4.6.3/crtbegin.o
 .rela.text.getenv
                0x0000000000000000        0x0 /home/sleepy/devkitPro/devkitPPC/bin/../lib/gcc/powerpc-eabi/4.6.3/crtbegin.o
 .rela.text._findenv_r
                0x0000000000000000        0x0 /home/sleepy/devkitPro/devkitPPC/bin/../lib/gcc/powerpc-eabi/4.6.3/crtbegin.o
 .rela.text.setvbuf
                0x0000000000000000        0x0 /home/sleepy/devkitPro/devkitPPC/bin/../lib/gcc/powerpc-eabi/4.6.3/crtbegin.o
 .rela.text.sscanf
                0x0000000000000000        0x0 /home/sleepy/devkitPro/devkitPPC/bin/../lib/gcc/powerpc-eabi/4.6.3/crtbegin.o
 .rela.text._sscanf_r
                0x0000000000000000        0x0 /home/sleepy/devkitPro/devkitPPC/bin/../lib/gcc/powerpc-eabi/4.6.3/crtbegin.o
 .rela.text._svfprintf_r
                0x0000000000000000        0x0 /home/sleepy/devkitPro/devkitPPC/bin/../lib/gcc/powerpc-eabi/4.6.3/crtbegin.o
 .rela.text.__ssvfscanf_r
                0x0000000000000000        0x0 /home/sleepy/devkitPro/devkitPPC/bin/../lib/gcc/powerpc-eabi/4.6.3/crtbegin.o
 .rela.text._vfprintf_r
                0x0000000000000000        0x0 /home/sleepy/devkitPro/devkitPPC/bin/../lib/gcc/powerpc-eabi/4.6.3/crtbegin.o
 .rela.text._wcrtomb_r
                0x0000000000000000        0x0 /home/sleepy/devkitPro/devkitPPC/bin/../lib/gcc/powerpc-eabi/4.6.3/crtbegin.o
 .rela.text.wcrtomb
                0x0000000000000000        0x0 /home/sleepy/devkitPro/devkitPPC/bin/../lib/gcc/powerpc-eabi/4.6.3/crtbegin.o
 .rela.text.__call_exitprocs
                0x0000000000000000        0x0 /home/sleepy/devkitPro/devkitPPC/bin/../lib/gcc/powerpc-eabi/4.6.3/crtbegin.o
 .rela.text._dtoa_r
                0x0000000000000000        0x0 /home/sleepy/devkitPro/devkitPPC/bin/../lib/gcc/powerpc-eabi/4.6.3/crtbegin.o
 .rela.text._cleanup_r
                0x0000000000000000        0x0 /home/sleepy/devkitPro/devkitPPC/bin/../lib/gcc/powerpc-eabi/4.6.3/crtbegin.o
 .rela.text.loadlocale
                0x0000000000000000        0x0 /home/sleepy/devkitPro/devkitPPC/bin/../lib/gcc/powerpc-eabi/4.6.3/crtbegin.o
 .rela.text._mbrtowc_r
                0x0000000000000000        0x0 /home/sleepy/devkitPro/devkitPPC/bin/../lib/gcc/powerpc-eabi/4.6.3/crtbegin.o
 .rela.text.mbrtowc
                0x0000000000000000        0x0 /home/sleepy/devkitPro/devkitPPC/bin/../lib/gcc/powerpc-eabi/4.6.3/crtbegin.o
 .rela.text.__hexdig_init
                0x0000000000000000        0x0 /home/sleepy/devkitPro/devkitPPC/bin/../lib/gcc/powerpc-eabi/4.6.3/crtbegin.o
 .rela.text.__gethex
                0x0000000000000000        0x0 /home/sleepy/devkitPro/devkitPPC/bin/../lib/gcc/powerpc-eabi/4.6.3/crtbegin.o
 .rela.text.__hexnan
                0x0000000000000000        0x0 /home/sleepy/devkitPro/devkitPPC/bin/../lib/gcc/powerpc-eabi/4.6.3/crtbegin.o

.rel.fini
 *(.rel.fini)

.rela.fini
 *(.rela.fini)

.rel.rodata
 *(.rel.rodata .rel.rodata.* .rel.gnu.linkonce.r.*)

.rela.rodata
 *(.rela.rodata .rela.rodata.* .rela.gnu.linkonce.r.*)

.rel.data
 *(.rel.data .rel.data.* .rel.gnu.linkonce.d.*)

.rela.data
 *(.rela.data .rela.data.* .rela.gnu.linkonce.d.*)

.rel.tdata
 *(.rel.tdata .rel.tdata.* .rel.gnu.linkonce.td.*)

.rela.tdata
 *(.rela.tdata .rela.tdata.* .rela.gnu.linkonce.td.*)

.rel.tbss
 *(.rel.tbss .rel.tbss.* .rel.gnu.linkonce.tb.*)

.rela.tbss
 *(.rela.tbss .rela.tbss.* .rela.gnu.linkonce.tb.*)

.rel.ctors
 *(.rel.ctors)

.rela.ctors
 *(.rela.ctors)

.rel.dtors
 *(.rel.dtors)

.rela.dtors
 *(.rela.dtors)

.rel.got
 *(.rel.got)

.rela.got
 *(.rela.got)

.rela.got1
 *(.rela.got1)

.rela.got2      0x0000000080003294        0x0
 *(.rela.got2)
 .rela.got2     0x0000000000000000        0x0 /home/sleepy/devkitPro/devkitPPC/bin/../lib/gcc/powerpc-eabi/4.6.3/crtbegin.o

.rel.sdata
 *(.rel.sdata .rel.sdata.* .rel.gnu.linkonce.s.*)

.rela.sdata
 *(.rela.sdata .rela.sdata.* .rela.gnu.linkonce.s.*)

.rel.sbss
 *(.rel.sbss .rel.sbss.* .rel.gnu.linkonce.sb.*)

.rela.sbss
 *(.rela.sbss .rela.sbss.* .rel.gnu.linkonce.sb.*)

.rel.sdata2
 *(.rel.sdata2 .rel.sdata2.* .rel.gnu.linkonce.s2.*)

.rela.sdata2
 *(.rela.sdata2 .rela.sdata2.* .rela.gnu.linkonce.s2.*)

.rel.sbss2
 *(.rel.sbss2 .rel.sbss2.* .rel.gnu.linkonce.sb2.*)

.rela.sbss2
 *(.rela.sbss2 .rela.sbss2.* .rela.gnu.linkonce.sb2.*)

.rel.bss
 *(.rel.bss .rel.bss.* .rel.gnu.linkonce.b.*)

.rela.bss
 *(.rela.bss .rela.bss.* .rela.gnu.linkonce.b.*)

.rel.plt
 *(.rel.plt)

.rela.plt
 *(.rela.plt)

.text           0x00000000800032a0    0x2f9a0
 *(.text)
 .text          0x00000000800032a0      0x168 /home/sleepy/devkitPro/devkitPPC/bin/../lib/gcc/powerpc-eabi/4.6.3/crtbegin.o
 .text          0x0000000080003408       0x44 /home/sleepy/devkitPro/devkitPPC/bin/../lib/gcc/powerpc-eabi/4.6.3/../../../../powerpc-eabi/lib/crtmain.o
                0x000000008000340c                __crtmain
 .text          0x000000008000344c      0x434 /home/sleepy/devkitPro/libogc/lib/cube/libogc.a(system_asm.o)
                0x000000008000344c                __realmode
                0x0000000080003464                __configBATS
                0x0000000080003538                __InitFPRS
                0x0000000080003664                __InitPS
                0x00000000800036c0                __InitCache
                0x0000000080003718                __InitSystem
                0x0000000080003790                __flush_cache
                0x00000000800037c4                __reset
                0x0000000080003834                __InitBATS
                0x0000000080003850                SYS_SwitchFiber
 .text          0x0000000080003880      0x44c /home/sleepy/devkitPro/libogc/lib/cube/libogc.a(lwp_handler.o)
                0x0000000080003880                _cpu_context_save_fp
                0x00000000800039c0                _cpu_context_restore_fp
                0x0000000080003b00                _cpu_context_switch
                0x0000000080003be0                _cpu_context_save
                0x0000000080003c60                _cpu_context_restore
 .text          0x0000000080003ccc      0x1ac /home/sleepy/devkitPro/libogc/lib/cube/libogc.a(irq_handler.o)
                0x0000000080003ccc                irq_exceptionhandler
 .text          0x0000000080003e78      0x118 /home/sleepy/devkitPro/libogc/lib/cube/libogc.a(video_asm.o)
                0x0000000080003e78                __VIClearFramebuffer
 .text          0x0000000080003f90      0x4f4 /home/sleepy/devkitPro/libogc/lib/cube/libogc.a(cache_asm.o)
                0x0000000080003f90                DCFlashInvalidate
                0x0000000080003fa4                DCEnable
                0x0000000080003fb8                DCDisable
                0x0000000080003fcc                DCFreeze
                0x0000000080003fe0                DCUnfreeze
                0x0000000080003ff4                DCTouchLoad
                0x0000000080003ffc                DCBlockZero
                0x0000000080004004                DCBlockStore
                0x000000008000400c                DCBlockFlush
                0x0000000080004014                DCBlockInvalidate
                0x000000008000401c                DCInvalidateRange
                0x000000008000404c                DCFlushRange
                0x0000000080004080                DCStoreRange
                0x00000000800040b4                DCFlushRangeNoSync
                0x00000000800040e4                DCStoreRangeNoSync
                0x0000000080004114                DCZeroRange
                0x0000000080004144                DCTouchRange
                0x0000000080004174                ICInvalidateRange
                0x00000000800041ac                ICFlashInvalidate
                0x00000000800041c0                ICEnable
                0x00000000800041d4                ICDisable
                0x00000000800041e8                ICFreeze
                0x00000000800041fc                ICUnfreeze
                0x0000000080004210                ICBlockInvalidate
                0x0000000080004218                ICSync
                0x0000000080004220                L2Init
                0x0000000080004268                L2Enable
                0x0000000080004284                L2Disable
                0x000000008000429c                L2GlobalInvalidate
                0x00000000800042f4                __LCEnable
                0x00000000800043c0                LCDisable
                0x00000000800043e8                LCAllocOneTag
                0x00000000800043fc                LCAllocTags
                0x000000008000443c                LCLoadBlocks
                0x0000000080004460                LCStoreBlocks
 .text          0x0000000080004484      0x1ac /home/sleepy/devkitPro/libogc/lib/cube/libogc.a(decrementer_handler.o)
                0x0000000080004484                dec_exceptionhandler
 .text          0x0000000080004630      0x35c /home/sleepy/devkitPro/libogc/lib/cube/libogc.a(exception_handler.o)
                0x0000000080004630                exceptionhandler_start
                0x00000000800046ac                exceptionhandler_patch
                0x00000000800046e0                exceptionhandler_end
                0x00000000800046e4                default_exceptionhandler
                0x0000000080004814                fpu_exceptionhandler
                0x000000008000495c                systemcallhandler_start
                0x0000000080004988                systemcallhandler_end
 .text          0x000000008000498c      0x86c /home/sleepy/devkitPro/devkitPPC/bin/../lib/gcc/powerpc-eabi/4.6.3/../../../../powerpc-eabi/lib/libjpeg.a(jpgogc.o)
                0x0000000080004b00                JPEG_CopyToBuffer
                0x0000000080004d18                JPEG_Decompress
 .text          0x00000000800051f8      0x1a0 /home/sleepy/devkitPro/devkitPPC/bin/../lib/gcc/powerpc-eabi/4.6.3/../../../../powerpc-eabi/lib/libjpeg.a(jmemsrc.o)
                0x00000000800052e4                jpeg_memory_src
 .text          0x0000000080005398      0x7f8 /home/sleepy/devkitPro/devkitPPC/bin/../lib/gcc/powerpc-eabi/4.6.3/../../../../powerpc-eabi/lib/libjpeg.a(jdapimin.o)
                0x0000000080005398                jpeg_CreateDecompress
                0x00000000800054e0                jpeg_destroy_decompress
                0x0000000080005500                jpeg_abort_decompress
                0x0000000080005520                jpeg_consume_input
                0x0000000080005870                jpeg_read_header
                0x000000008000595c                jpeg_input_complete
                0x00000000800059dc                jpeg_has_multiple_scans
                0x0000000080005a5c                jpeg_finish_decompress
 .text          0x0000000080005b90      0x78c /home/sleepy/devkitPro/devkitPPC/bin/../lib/gcc/powerpc-eabi/4.6.3/../../../../powerpc-eabi/lib/libjpeg.a(jdapistd.o)
                0x0000000080005d3c                jpeg_start_decompress
                0x0000000080005ee8                jpeg_read_scanlines
                0x000000008000600c                jpeg_read_raw_data
                0x0000000080006178                jpeg_start_output
                0x0000000080006224                jpeg_finish_output
 .text          0x000000008000631c      0x7f8 /home/sleepy/devkitPro/devkitPPC/bin/../lib/gcc/powerpc-eabi/4.6.3/../../../../powerpc-eabi/lib/libjpeg.a(jdinput.o)
                0x0000000080006a8c                jinit_input_controller
 .text          0x0000000080006b14     0x2734 /home/sleepy/devkitPro/devkitPPC/bin/../lib/gcc/powerpc-eabi/4.6.3/../../../../powerpc-eabi/lib/libjpeg.a(jdmarker.o)
                0x0000000080008db0                jpeg_resync_to_restart
                0x0000000080008fd8                jinit_marker_reader
                0x000000008000908c                jpeg_save_markers
                0x00000000800091c4                jpeg_set_marker_processor
 .text          0x0000000080009248      0xae8 /home/sleepy/devkitPro/devkitPPC/bin/../lib/gcc/powerpc-eabi/4.6.3/../../../../powerpc-eabi/lib/libjpeg.a(jdmaster.o)
                0x000000008000931c                jpeg_calc_output_dimensions
                0x0000000080009894                jpeg_new_colormap
                0x000000008000996c                jinit_master_decompress
 .text          0x0000000080009d30      0x6d8 /home/sleepy/devkitPro/devkitPPC/bin/../lib/gcc/powerpc-eabi/4.6.3/../../../../powerpc-eabi/lib/libjpeg.a(jdmerge.o)
                0x000000008000a220                jinit_merged_upsampler
 .text          0x000000008000a408     0x10f4 /home/sleepy/devkitPro/devkitPPC/bin/../lib/gcc/powerpc-eabi/4.6.3/../../../../powerpc-eabi/lib/libjpeg.a(jdphuff.o)
                0x000000008000b434                jinit_phuff_decoder
 .text          0x000000008000b4fc      0x5d4 /home/sleepy/devkitPro/devkitPPC/bin/../lib/gcc/powerpc-eabi/4.6.3/../../../../powerpc-eabi/lib/libjpeg.a(jdpostct.o)
                0x000000008000b9b8                jinit_d_post_controller
 .text          0x000000008000bad0      0x95c /home/sleepy/devkitPro/devkitPPC/bin/../lib/gcc/powerpc-eabi/4.6.3/../../../../powerpc-eabi/lib/libjpeg.a(jdsample.o)
                0x000000008000c130                jinit_upsampler
 .text          0x000000008000c42c      0x2b8 /home/sleepy/devkitPro/devkitPPC/bin/../lib/gcc/powerpc-eabi/4.6.3/../../../../powerpc-eabi/lib/libjpeg.a(jerror.o)
                0x000000008000c674                jpeg_std_error
 .text          0x000000008000c6e4     0x1524 /home/sleepy/devkitPro/devkitPPC/bin/../lib/gcc/powerpc-eabi/4.6.3/../../../../powerpc-eabi/lib/libjpeg.a(jmemmgr.o)
                0x000000008000da44                jinit_memory_mgr
 .text          0x000000008000dc08       0xd8 /home/sleepy/devkitPro/devkitPPC/bin/../lib/gcc/powerpc-eabi/4.6.3/../../../../powerpc-eabi/lib/libjpeg.a(jmemnobs.o)
                0x000000008000dc08                jpeg_get_small
                0x000000008000dc2c                jpeg_free_small
                0x000000008000dc50                jpeg_get_large
                0x000000008000dc74                jpeg_free_large
                0x000000008000dc98                jpeg_mem_available
                0x000000008000dca0                jpeg_open_backing_store
                0x000000008000dcd4                jpeg_mem_init
                0x000000008000dcdc                jpeg_mem_term
 .text          0x000000008000dce0      0xf70 /home/sleepy/devkitPro/devkitPPC/bin/../lib/gcc/powerpc-eabi/4.6.3/../../../../powerpc-eabi/lib/libjpeg.a(jquant1.o)
                0x000000008000e890                jinit_1pass_quantizer
 .text          0x000000008000ec50     0x16dc /home/sleepy/devkitPro/devkitPPC/bin/../lib/gcc/powerpc-eabi/4.6.3/../../../../powerpc-eabi/lib/libjpeg.a(jquant2.o)
                0x00000000800100ec                jinit_2pass_quantizer
 .text          0x000000008001032c       0xf4 /home/sleepy/devkitPro/devkitPPC/bin/../lib/gcc/powerpc-eabi/4.6.3/../../../../powerpc-eabi/lib/libjpeg.a(jutils.o)
                0x000000008001032c                jdiv_round_up
                0x000000008001033c                jround_up
                0x0000000080010350                jcopy_sample_rows
                0x00000000800103c8                jcopy_block_row
                0x00000000800103f8                jzero_far
 .text          0x0000000080010420      0x198 /home/sleepy/devkitPro/devkitPPC/bin/../lib/gcc/powerpc-eabi/4.6.3/../../../../powerpc-eabi/lib/libjpeg.a(jcomapi.o)
                0x0000000080010420                jpeg_abort
                0x00000000800104d4                jpeg_destroy
                0x0000000080010540                jpeg_alloc_quant_table
                0x000000008001057c                jpeg_alloc_huff_table
 .text          0x00000000800105b8     0x12cc /home/sleepy/devkitPro/devkitPPC/bin/../lib/gcc/powerpc-eabi/4.6.3/../../../../powerpc-eabi/lib/libjpeg.a(jdcoefct.o)
                0x00000000800116b0                jinit_d_coef_controller
 .text          0x0000000080011884      0x708 /home/sleepy/devkitPro/devkitPPC/bin/../lib/gcc/powerpc-eabi/4.6.3/../../../../powerpc-eabi/lib/libjpeg.a(jdcolor.o)
                0x0000000080011d4c                jinit_color_deconverter
 .text          0x0000000080011f8c      0x3d0 /home/sleepy/devkitPro/devkitPPC/bin/../lib/gcc/powerpc-eabi/4.6.3/../../../../powerpc-eabi/lib/libjpeg.a(jddctmgr.o)
                0x0000000080012288                jinit_inverse_dct
 .text          0x000000008001235c      0xf28 /home/sleepy/devkitPro/devkitPPC/bin/../lib/gcc/powerpc-eabi/4.6.3/../../../../powerpc-eabi/lib/libjpeg.a(jdhuff.o)
                0x000000008001235c                jpeg_make_d_derived_tbl
                0x000000008001293c                jpeg_fill_bit_buffer
                0x0000000080012afc                jpeg_huff_decode
                0x000000008001320c                jinit_huff_decoder
 .text          0x0000000080013284      0x960 /home/sleepy/devkitPro/devkitPPC/bin/../lib/gcc/powerpc-eabi/4.6.3/../../../../powerpc-eabi/lib/libjpeg.a(jdmainct.o)
                0x000000008001395c                jinit_d_main_controller
 .text          0x0000000080013be4      0x514 /home/sleepy/devkitPro/devkitPPC/bin/../lib/gcc/powerpc-eabi/4.6.3/../../../../powerpc-eabi/lib/libjpeg.a(jidctflt.o)
                0x0000000080013be4                jpeg_idct_float
 .text          0x00000000800140f8      0x448 /home/sleepy/devkitPro/devkitPPC/bin/../lib/gcc/powerpc-eabi/4.6.3/../../../../powerpc-eabi/lib/libjpeg.a(jidctfst.o)
                0x00000000800140f8                jpeg_idct_ifast
 .text          0x0000000080014540      0x520 /home/sleepy/devkitPro/devkitPPC/bin/../lib/gcc/powerpc-eabi/4.6.3/../../../../powerpc-eabi/lib/libjpeg.a(jidctint.o)
                0x0000000080014540                jpeg_idct_islow
 .text          0x0000000080014a60      0x5e8 /home/sleepy/devkitPro/devkitPPC/bin/../lib/gcc/powerpc-eabi/4.6.3/../../../../powerpc-eabi/lib/libjpeg.a(jidctred.o)
                0x0000000080014a60                jpeg_idct_4x4
                0x0000000080014db4                jpeg_idct_2x2
                0x0000000080015018                jpeg_idct_1x1
 .text          0x0000000080015048       0x40 /home/sleepy/devkitPro/devkitPPC/bin/../lib/gcc/powerpc-eabi/4.6.3/libgcc.a(_ashldi3.o)
                0x0000000080015048                __ashldi3
 .text          0x0000000080015088      0x400 /home/sleepy/devkitPro/devkitPPC/bin/../lib/gcc/powerpc-eabi/4.6.3/libgcc.a(_udivdi3.o)
                0x0000000080015088                __udivdi3
 .text          0x0000000080015488      0x3d4 /home/sleepy/devkitPro/devkitPPC/bin/../lib/gcc/powerpc-eabi/4.6.3/libgcc.a(_umoddi3.o)
                0x0000000080015488                __umoddi3
 .text          0x000000008001585c       0x48 /home/sleepy/devkitPro/devkitPPC/bin/../lib/gcc/powerpc-eabi/4.6.3/libgcc.a(eabi.o)
                0x000000008001585c                __eabi
 .text          0x00000000800158a4       0x4c /home/sleepy/devkitPro/devkitPPC/bin/../lib/gcc/powerpc-eabi/4.6.3/libgcc.a(crtsavgpr.o)
                0x00000000800158a4                _savegpr_14
                0x00000000800158a8                _savegpr_15
                0x00000000800158ac                _savegpr_16
                0x00000000800158b0                _savegpr_17
                0x00000000800158b4                _savegpr_18
                0x00000000800158b8                _savegpr_19
                0x00000000800158bc                _savegpr_20
                0x00000000800158c0                _savegpr_21
                0x00000000800158c4                _savegpr_22
                0x00000000800158c8                _savegpr_23
                0x00000000800158cc                _savegpr_24
                0x00000000800158d0                _savegpr_25
                0x00000000800158d4                _savegpr_26
                0x00000000800158d8                _savegpr_27
                0x00000000800158dc                _savegpr_28
                0x00000000800158e0                _savegpr_29
                0x00000000800158e4                _savegpr_30
                0x00000000800158e8                _savegpr_31
 .text          0x00000000800158f0       0x58 /home/sleepy/devkitPro/devkitPPC/bin/../lib/gcc/powerpc-eabi/4.6.3/libgcc.a(crtresxgpr.o)
                0x00000000800158f0                _restgpr_14_x
                0x00000000800158f4                _restgpr_15_x
                0x00000000800158f8                _restgpr_16_x
                0x00000000800158fc                _restgpr_17_x
                0x0000000080015900                _restgpr_18_x
                0x0000000080015904                _restgpr_19_x
                0x0000000080015908                _restgpr_20_x
                0x000000008001590c                _restgpr_21_x
                0x0000000080015910                _restgpr_22_x
                0x0000000080015914                _restgpr_23_x
                0x0000000080015918                _restgpr_24_x
                0x000000008001591c                _restgpr_25_x
                0x0000000080015920                _restgpr_26_x
                0x0000000080015924                _restgpr_27_x
                0x0000000080015928                _restgpr_28_x
                0x000000008001592c                _restgpr_29_x
                0x0000000080015930                _restgpr_30_x
                0x0000000080015934                _restgpr_31_x
 .text          0x0000000080015948       0x28 /home/sleepy/devkitPro/devkitPPC/bin/../lib/gcc/powerpc-eabi/4.6.3/../../../../powerpc-eabi/lib/libsysbase.a(abort.o)
                0x0000000080015948                abort
 .text          0x0000000080015970       0x28 /home/sleepy/devkitPro/devkitPPC/bin/../lib/gcc/powerpc-eabi/4.6.3/../../../../powerpc-eabi/lib/libsysbase.a(_exit.o)
                0x0000000080015970                _exit
 .text          0x0000000080015998       0x90 /home/sleepy/devkitPro/devkitPPC/bin/../lib/gcc/powerpc-eabi/4.6.3/../../../../powerpc-eabi/lib/libsysbase.a(build_argv.o)
                0x0000000080015998                build_argv
 .text          0x0000000080015a28      0x168 /home/sleepy/devkitPro/devkitPPC/bin/../lib/gcc/powerpc-eabi/4.6.3/../../../../powerpc-eabi/lib/libsysbase.a(syscall_support.o)
                0x0000000080015a28                __libc_lock_init
                0x0000000080015a68                __libc_lock_close
                0x0000000080015aa8                __libc_lock_release
                0x0000000080015ae8                __libc_lock_acquire
                0x0000000080015b28                __malloc_lock
                0x0000000080015b5c                __malloc_unlock
 .text          0x0000000080015b90       0x98 /home/sleepy/devkitPro/devkitPPC/bin/../lib/gcc/powerpc-eabi/4.6.3/../../../../powerpc-eabi/lib/libsysbase.a(close.o)
                0x0000000080015b90                _close_r
 .text          0x0000000080015c28       0xc8 /home/sleepy/devkitPro/devkitPPC/bin/../lib/gcc/powerpc-eabi/4.6.3/../../../../powerpc-eabi/lib/libsysbase.a(fstat.o)
                0x0000000080015c28                _fstat_r
 .text          0x0000000080015cf0        0x8 /home/sleepy/devkitPro/devkitPPC/bin/../lib/gcc/powerpc-eabi/4.6.3/../../../../powerpc-eabi/lib/libsysbase.a(isatty.o)
                0x0000000080015cf0                _isatty_r
 .text          0x0000000080015cf8       0xcc /home/sleepy/devkitPro/devkitPPC/bin/../lib/gcc/powerpc-eabi/4.6.3/../../../../powerpc-eabi/lib/libsysbase.a(lseek.o)
                0x0000000080015cf8                _lseek_r
 .text          0x0000000080015dc4       0xac /home/sleepy/devkitPro/devkitPPC/bin/../lib/gcc/powerpc-eabi/4.6.3/../../../../powerpc-eabi/lib/libsysbase.a(read.o)
                0x0000000080015dc4                _read_r
 .text          0x0000000080015e70       0x50 /home/sleepy/devkitPro/devkitPPC/bin/../lib/gcc/powerpc-eabi/4.6.3/../../../../powerpc-eabi/lib/libsysbase.a(sbrk.o)
                0x0000000080015e70                _sbrk_r
 .text          0x0000000080015ec0       0xac /home/sleepy/devkitPro/devkitPPC/bin/../lib/gcc/powerpc-eabi/4.6.3/../../../../powerpc-eabi/lib/libsysbase.a(write.o)
                0x0000000080015ec0                _write_r
 .text          0x0000000080015f6c       0x6c /home/sleepy/devkitPro/devkitPPC/bin/../lib/gcc/powerpc-eabi/4.6.3/../../../../powerpc-eabi/lib/libsysbase.a(flock.o)
                0x0000000080015f6c                __flockfile
                0x0000000080015fb4                __funlockfile
 .text          0x0000000080015fd8      0x174 /home/sleepy/devkitPro/devkitPPC/bin/../lib/gcc/powerpc-eabi/4.6.3/../../../../powerpc-eabi/lib/libsysbase.a(handle_manager.o)
                0x0000000080015fd8                __release_handle
                0x0000000080016034                __alloc_handle
                0x0000000080016128                __get_handle
 .text          0x000000008001614c       0x6c /home/sleepy/devkitPro/devkitPPC/bin/../lib/gcc/powerpc-eabi/4.6.3/crtend.o
 *(.text.*)
 .text.displayJPG
                0x00000000800161b8       0x8c main.o
                0x00000000800161b8                displayJPG
 .text.init     0x0000000080016244       0xa8 main.o
                0x0000000080016244                init
 .text.startup.main
                0x00000000800162ec      0x4b0 main.o
                0x00000000800162ec                main
 .text.__console_clear_line
                0x000000008001679c       0x94 /home/sleepy/devkitPro/libogc/lib/cube/libogc.a(console.o)
 .text.__console_clear
                0x0000000080016830       0x58 /home/sleepy/devkitPro/libogc/lib/cube/libogc.a(console.o)
 .text.__console_write
                0x0000000080016888      0x680 /home/sleepy/devkitPro/libogc/lib/cube/libogc.a(console.o)
                0x0000000080016888                __console_write
 .text.__console_init
                0x0000000080016f08      0x100 /home/sleepy/devkitPro/libogc/lib/cube/libogc.a(console.o)
                0x0000000080016f08                __console_init
 .text.CON_Init
                0x0000000080017008        0x4 /home/sleepy/devkitPro/libogc/lib/cube/libogc.a(console.o)
                0x0000000080017008                CON_Init
 .text.CON_EnableGecko
                0x000000008001700c       0xa0 /home/sleepy/devkitPro/libogc/lib/cube/libogc.a(console.o)
                0x000000008001700c                CON_EnableGecko
 .text.__setVerticalRegs
                0x00000000800170ac       0xc0 /home/sleepy/devkitPro/libogc/lib/cube/libogc.a(video.o)
 .text.__adjustPosition
                0x000000008001716c      0x174 /home/sleepy/devkitPro/libogc/lib/cube/libogc.a(video.o)
 .text.__getCurrentHalfLine
                0x00000000800172e0       0x58 /home/sleepy/devkitPro/libogc/lib/cube/libogc.a(video.o)
 .text.__VIRetraceHandler
                0x0000000080017338      0x194 /home/sleepy/devkitPro/libogc/lib/cube/libogc.a(video.o)
 .text.__setFbbRegs.constprop.2
                0x00000000800174cc      0x1e8 /home/sleepy/devkitPro/libogc/lib/cube/libogc.a(video.o)
 .text.VIDEO_Init
                0x00000000800176b4      0x414 /home/sleepy/devkitPro/libogc/lib/cube/libogc.a(video.o)
                0x00000000800176b4                VIDEO_Init
 .text.VIDEO_Configure
                0x0000000080017ac8      0x3e4 /home/sleepy/devkitPro/libogc/lib/cube/libogc.a(video.o)
                0x0000000080017ac8                VIDEO_Configure
 .text.VIDEO_WaitVSync
                0x0000000080017eac       0x68 /home/sleepy/devkitPro/libogc/lib/cube/libogc.a(video.o)
                0x0000000080017eac                VIDEO_WaitVSync
 .text.VIDEO_SetFramebuffer
                0x0000000080017f14       0xfc /home/sleepy/devkitPro/libogc/lib/cube/libogc.a(video.o)
                0x0000000080017f14                VIDEO_SetFramebuffer
 .text.VIDEO_SetNextFramebuffer
                0x0000000080018010       0x64 /home/sleepy/devkitPro/libogc/lib/cube/libogc.a(video.o)
                0x0000000080018010                VIDEO_SetNextFramebuffer
 .text.VIDEO_Flush
                0x0000000080018074       0xf8 /home/sleepy/devkitPro/libogc/lib/cube/libogc.a(video.o)
                0x0000000080018074                VIDEO_Flush
 .text.VIDEO_SetBlack
                0x000000008001816c       0x88 /home/sleepy/devkitPro/libogc/lib/cube/libogc.a(video.o)
                0x000000008001816c                VIDEO_SetBlack
 .text.VIDEO_GetCurrentTvMode
                0x00000000800181f4       0x70 /home/sleepy/devkitPro/libogc/lib/cube/libogc.a(video.o)
                0x00000000800181f4                VIDEO_GetCurrentTvMode
 .text.VIDEO_GetPreferredMode
                0x0000000080018264       0x88 /home/sleepy/devkitPro/libogc/lib/cube/libogc.a(video.o)
                0x0000000080018264                VIDEO_GetPreferredMode
 .text.VIDEO_GetCurrentLine
                0x00000000800182ec       0x68 /home/sleepy/devkitPro/libogc/lib/cube/libogc.a(video.o)
                0x00000000800182ec                VIDEO_GetCurrentLine
 .text.VIDEO_GetFrameBufferSize
                0x0000000080018354       0x30 /home/sleepy/devkitPro/libogc/lib/cube/libogc.a(video.o)
                0x0000000080018354                VIDEO_GetFrameBufferSize
 .text.VIDEO_ClearFrameBuffer
                0x0000000080018384       0x38 /home/sleepy/devkitPro/libogc/lib/cube/libogc.a(video.o)
                0x0000000080018384                VIDEO_ClearFrameBuffer
 .text.SPEC0_MakeStatus
                0x00000000800183bc      0x118 /home/sleepy/devkitPro/libogc/lib/cube/libogc.a(pad.o)
 .text.SPEC1_MakeStatus
                0x00000000800184d4      0x118 /home/sleepy/devkitPro/libogc/lib/cube/libogc.a(pad.o)
 .text.__pad_clampS8
                0x00000000800185ec       0x34 /home/sleepy/devkitPro/libogc/lib/cube/libogc.a(pad.o)
 .text.SPEC2_MakeStatus
                0x0000000080018620      0x148 /home/sleepy/devkitPro/libogc/lib/cube/libogc.a(pad.o)
 .text.__pad_samplinghandler
                0x0000000080018768        0x4 /home/sleepy/devkitPro/libogc/lib/cube/libogc.a(pad.o)
 .text.__pad_updateorigin
                0x000000008001876c       0x88 /home/sleepy/devkitPro/libogc/lib/cube/libogc.a(pad.o)
 .text.__pad_enable
                0x00000000800187f4       0x54 /home/sleepy/devkitPro/libogc/lib/cube/libogc.a(pad.o)
 .text.__pad_disable
                0x0000000080018848       0xa0 /home/sleepy/devkitPro/libogc/lib/cube/libogc.a(pad.o)
 .text.__pad_doreset
                0x00000000800188e8       0x6c /home/sleepy/devkitPro/libogc/lib/cube/libogc.a(pad.o)
 .text.__pad_typeandstatuscallback
                0x0000000080018954      0x14c /home/sleepy/devkitPro/libogc/lib/cube/libogc.a(pad.o)
 .text.__pad_probecallback
                0x0000000080018aa0       0x44 /home/sleepy/devkitPro/libogc/lib/cube/libogc.a(pad.o)
 .text.__pad_origincallback
                0x0000000080018ae4       0x34 /home/sleepy/devkitPro/libogc/lib/cube/libogc.a(pad.o)
 .text.__pad_originupdatecallback
                0x0000000080018b18       0x60 /home/sleepy/devkitPro/libogc/lib/cube/libogc.a(pad.o)
 .text.__pad_receivecheckcallback
                0x0000000080018b78       0xb4 /home/sleepy/devkitPro/libogc/lib/cube/libogc.a(pad.o)
 .text.__PADDisableRecalibration
                0x0000000080018c2c       0x68 /home/sleepy/devkitPro/libogc/lib/cube/libogc.a(pad.o)
                0x0000000080018c2c                __PADDisableRecalibration
 .text.PAD_Reset
                0x0000000080018c94       0xbc /home/sleepy/devkitPro/libogc/lib/cube/libogc.a(pad.o)
                0x0000000080018c94                PAD_Reset
 .text.PAD_Read
                0x0000000080018d50      0x244 /home/sleepy/devkitPro/libogc/lib/cube/libogc.a(pad.o)
                0x0000000080018d50                PAD_Read
 .text.PAD_Recalibrate
                0x0000000080018f94       0x3c /home/sleepy/devkitPro/libogc/lib/cube/libogc.a(pad.o)
                0x0000000080018f94                PAD_Recalibrate
 .text.PAD_Sync
                0x0000000080018fd0       0x44 /home/sleepy/devkitPro/libogc/lib/cube/libogc.a(pad.o)
                0x0000000080018fd0                PAD_Sync
 .text.PAD_SetSpec
                0x0000000080019014       0x50 /home/sleepy/devkitPro/libogc/lib/cube/libogc.a(pad.o)
                0x0000000080019014                PAD_SetSpec
 .text.PAD_Init
                0x0000000080019064       0xd8 /home/sleepy/devkitPro/libogc/lib/cube/libogc.a(pad.o)
                0x0000000080019064                PAD_Init
 .text.PAD_SetSamplingCallback
                0x000000008001913c       0x44 /home/sleepy/devkitPro/libogc/lib/cube/libogc.a(pad.o)
                0x000000008001913c                PAD_SetSamplingCallback
 .text.__pad_onreset
                0x0000000080019180       0x74 /home/sleepy/devkitPro/libogc/lib/cube/libogc.a(pad.o)
 .text.PAD_ScanPads
                0x00000000800191f4      0x118 /home/sleepy/devkitPro/libogc/lib/cube/libogc.a(pad.o)
                0x00000000800191f4                PAD_ScanPads
 .text.PAD_ButtonsDown
                0x000000008001930c       0x34 /home/sleepy/devkitPro/libogc/lib/cube/libogc.a(pad.o)
                0x000000008001930c                PAD_ButtonsDown
 .text.PAD_StickX
                0x0000000080019340       0x38 /home/sleepy/devkitPro/libogc/lib/cube/libogc.a(pad.o)
                0x0000000080019340                PAD_StickX
 .text.__reload
                0x0000000080019378       0x14 /home/sleepy/devkitPro/libogc/lib/cube/libogc.a(system.o)
                0x0000000080019378                __reload
 .text.__call_resetfuncs
                0x000000008001938c       0x8c /home/sleepy/devkitPro/libogc/lib/cube/libogc.a(system.o)
 .text.__RSWDefaultHandler
                0x0000000080019418        0x4 /home/sleepy/devkitPro/libogc/lib/cube/libogc.a(system.o)
 .text.__locksram
                0x000000008001941c       0x68 /home/sleepy/devkitPro/libogc/lib/cube/libogc.a(system.o)
 .text.__lwp_thread_dispatchenable
                0x0000000080019484       0x34 /home/sleepy/devkitPro/libogc/lib/cube/libogc.a(system.o)
 .text.__lwp_wd_insert_ticks
                0x00000000800194b8       0x68 /home/sleepy/devkitPro/libogc/lib/cube/libogc.a(system.o)
 .text.__RSWHandler
                0x0000000080019520       0x9c /home/sleepy/devkitPro/libogc/lib/cube/libogc.a(system.o)
 .text.__lwp_syswd_open
                0x00000000800195bc       0x48 /home/sleepy/devkitPro/libogc/lib/cube/libogc.a(system.o)
 .text.__sys_alarmhandler
                0x0000000080019604       0x94 /home/sleepy/devkitPro/libogc/lib/cube/libogc.a(system.o)
 .text.__sram_write
                0x0000000080019698       0xfc /home/sleepy/devkitPro/libogc/lib/cube/libogc.a(system.o)
 .text.__unlocksram
                0x0000000080019794      0x100 /home/sleepy/devkitPro/libogc/lib/cube/libogc.a(system.o)
 .text.__sram_writecallback
                0x0000000080019894       0x4c /home/sleepy/devkitPro/libogc/lib/cube/libogc.a(system.o)
 .text.__sram_init
                0x00000000800198e0      0x130 /home/sleepy/devkitPro/libogc/lib/cube/libogc.a(system.o)
                0x00000000800198e0                __sram_init
 .text.__SYS_LockSram
                0x0000000080019a10        0x8 /home/sleepy/devkitPro/libogc/lib/cube/libogc.a(system.o)
                0x0000000080019a10                __SYS_LockSram
 .text.__SYS_LockSramEx
                0x0000000080019a18        0x8 /home/sleepy/devkitPro/libogc/lib/cube/libogc.a(system.o)
                0x0000000080019a18                __SYS_LockSramEx
 .text.__SYS_UnlockSram
                0x0000000080019a20        0x8 /home/sleepy/devkitPro/libogc/lib/cube/libogc.a(system.o)
                0x0000000080019a20                __SYS_UnlockSram
 .text.__SYS_UnlockSramEx
                0x0000000080019a28        0x8 /home/sleepy/devkitPro/libogc/lib/cube/libogc.a(system.o)
                0x0000000080019a28                __SYS_UnlockSramEx
 .text._V_EXPORTNAME
                0x0000000080019a30       0x1c /home/sleepy/devkitPro/libogc/lib/cube/libogc.a(system.o)
                0x0000000080019a30                _V_EXPORTNAME
 .text.__SYS_PreInit
                0x0000000080019a4c        0x4 /home/sleepy/devkitPro/libogc/lib/cube/libogc.a(system.o)
                0x0000000080019a4c                __SYS_PreInit
 .text.SYS_PreMain
                0x0000000080019a50        0x4 /home/sleepy/devkitPro/libogc/lib/cube/libogc.a(system.o)
                0x0000000080019a50                SYS_PreMain
 .text.SYS_ResetButtonDown
                0x0000000080019a54       0x1c /home/sleepy/devkitPro/libogc/lib/cube/libogc.a(system.o)
                0x0000000080019a54                SYS_ResetButtonDown
 .text.SYS_ResetSystem
                0x0000000080019a70      0x26c /home/sleepy/devkitPro/libogc/lib/cube/libogc.a(system.o)
                0x0000000080019a70                SYS_ResetSystem
 .text.__libogc_exit
                0x0000000080019cdc       0x38 /home/sleepy/devkitPro/libogc/lib/cube/libogc.a(system.o)
                0x0000000080019cdc                __libogc_exit
 .text.SYS_RegisterResetFunc
                0x0000000080019d14       0x80 /home/sleepy/devkitPro/libogc/lib/cube/libogc.a(system.o)
                0x0000000080019d14                SYS_RegisterResetFunc
 .text.SYS_SetArena1Lo
                0x0000000080019d94       0x3c /home/sleepy/devkitPro/libogc/lib/cube/libogc.a(system.o)
                0x0000000080019d94                SYS_SetArena1Lo
 .text.SYS_GetArena1Lo
                0x0000000080019dd0       0x3c /home/sleepy/devkitPro/libogc/lib/cube/libogc.a(system.o)
                0x0000000080019dd0                SYS_GetArena1Lo
 .text.SYS_SetArena1Hi
                0x0000000080019e0c       0x3c /home/sleepy/devkitPro/libogc/lib/cube/libogc.a(system.o)
                0x0000000080019e0c                SYS_SetArena1Hi
 .text.SYS_GetArena1Hi
                0x0000000080019e48       0x3c /home/sleepy/devkitPro/libogc/lib/cube/libogc.a(system.o)
                0x0000000080019e48                SYS_GetArena1Hi
 .text.SYS_Init
                0x0000000080019e84      0x52c /home/sleepy/devkitPro/libogc/lib/cube/libogc.a(system.o)
                0x0000000080019e84                SYS_Init
 .text.SYS_AllocateFramebuffer
                0x000000008001a3b0       0x2c /home/sleepy/devkitPro/libogc/lib/cube/libogc.a(system.o)
                0x000000008001a3b0                SYS_AllocateFramebuffer
 .text.SYS_CreateAlarm
                0x000000008001a3dc       0xa8 /home/sleepy/devkitPro/libogc/lib/cube/libogc.a(system.o)
                0x000000008001a3dc                SYS_CreateAlarm
 .text.SYS_SetAlarm
                0x000000008001a484       0xd4 /home/sleepy/devkitPro/libogc/lib/cube/libogc.a(system.o)
                0x000000008001a484                SYS_SetAlarm
 .text.SYS_CancelAlarm
                0x000000008001a558       0x70 /home/sleepy/devkitPro/libogc/lib/cube/libogc.a(system.o)
                0x000000008001a558                SYS_CancelAlarm
 .text.SYS_SetWirelessID
                0x000000008001a5c8       0x58 /home/sleepy/devkitPro/libogc/lib/cube/libogc.a(system.o)
                0x000000008001a5c8                SYS_SetWirelessID
 .text.SYS_GetWirelessID
                0x000000008001a620       0x40 /home/sleepy/devkitPro/libogc/lib/cube/libogc.a(system.o)
                0x000000008001a620                SYS_GetWirelessID
 .text.__lwp_cond_init
                0x000000008001a660       0x30 /home/sleepy/devkitPro/libogc/lib/cube/libogc.a(cond.o)
                0x000000008001a660                __lwp_cond_init
 .text.__decrementer_init
                0x000000008001a690        0x4 /home/sleepy/devkitPro/libogc/lib/cube/libogc.a(decrementer.o)
                0x000000008001a690                __decrementer_init
 .text.c_decrementer_handler
                0x000000008001a694       0x28 /home/sleepy/devkitPro/libogc/lib/cube/libogc.a(decrementer.o)
                0x000000008001a694                c_decrementer_handler
 .text.__lwp_mqbox_init
                0x000000008001a6bc       0x30 /home/sleepy/devkitPro/libogc/lib/cube/libogc.a(message.o)
                0x000000008001a6bc                __lwp_mqbox_init
 .text.__si_transfer
                0x000000008001a6ec      0x148 /home/sleepy/devkitPro/libogc/lib/cube/libogc.a(si.o)
 .text.__si_alarmhandler
                0x000000008001a834       0x8c /home/sleepy/devkitPro/libogc/lib/cube/libogc.a(si.o)
 .text.__si_calltypandstatuscallback
                0x000000008001a8c0       0x64 /home/sleepy/devkitPro/libogc/lib/cube/libogc.a(si.o)
 .text.__si_completetransfer
                0x000000008001a924      0x1c0 /home/sleepy/devkitPro/libogc/lib/cube/libogc.a(si.o)
 .text.__si_transfernext
                0x000000008001aae4       0xb4 /home/sleepy/devkitPro/libogc/lib/cube/libogc.a(si.o)
 .text.SI_Busy  0x000000008001ab98       0x1c /home/sleepy/devkitPro/libogc/lib/cube/libogc.a(si.o)
                0x000000008001ab98                SI_Busy
 .text.SI_IsChanBusy
                0x000000008001abb4       0x38 /home/sleepy/devkitPro/libogc/lib/cube/libogc.a(si.o)
                0x000000008001abb4                SI_IsChanBusy
 .text.SI_SetXY
                0x000000008001abec       0x68 /home/sleepy/devkitPro/libogc/lib/cube/libogc.a(si.o)
                0x000000008001abec                SI_SetXY
 .text.SI_EnablePolling
                0x000000008001ac54       0x80 /home/sleepy/devkitPro/libogc/lib/cube/libogc.a(si.o)
                0x000000008001ac54                SI_EnablePolling
 .text.SI_DisablePolling
                0x000000008001acd4       0x5c /home/sleepy/devkitPro/libogc/lib/cube/libogc.a(si.o)
                0x000000008001acd4                SI_DisablePolling
 .text.SI_SetSamplingRate
                0x000000008001ad30       0xbc /home/sleepy/devkitPro/libogc/lib/cube/libogc.a(si.o)
                0x000000008001ad30                SI_SetSamplingRate
 .text.SI_RefreshSamplingRate
                0x000000008001adec        0x8 /home/sleepy/devkitPro/libogc/lib/cube/libogc.a(si.o)
                0x000000008001adec                SI_RefreshSamplingRate
 .text.SI_GetStatus
                0x000000008001adf4       0x80 /home/sleepy/devkitPro/libogc/lib/cube/libogc.a(si.o)
                0x000000008001adf4                SI_GetStatus
 .text.SI_GetResponseRaw
                0x000000008001ae74       0x7c /home/sleepy/devkitPro/libogc/lib/cube/libogc.a(si.o)
                0x000000008001ae74                SI_GetResponseRaw
 .text.SI_GetResponse
                0x000000008001aef0       0x98 /home/sleepy/devkitPro/libogc/lib/cube/libogc.a(si.o)
                0x000000008001aef0                SI_GetResponse
 .text.SI_SetCommand
                0x000000008001af88       0x10 /home/sleepy/devkitPro/libogc/lib/cube/libogc.a(si.o)
                0x000000008001af88                SI_SetCommand
 .text.SI_Transfer
                0x000000008001af98      0x1d0 /home/sleepy/devkitPro/libogc/lib/cube/libogc.a(si.o)
                0x000000008001af98                SI_Transfer
 .text.__si_interrupthandler
                0x000000008001b168      0x1e0 /home/sleepy/devkitPro/libogc/lib/cube/libogc.a(si.o)
 .text.__si_gettypecallback
                0x000000008001b348      0x1f8 /home/sleepy/devkitPro/libogc/lib/cube/libogc.a(si.o)
 .text.SI_GetType
                0x000000008001b540      0x184 /home/sleepy/devkitPro/libogc/lib/cube/libogc.a(si.o)
                0x000000008001b540                SI_GetType
 .text.SI_GetTypeAsync
                0x000000008001b6c4       0xf4 /home/sleepy/devkitPro/libogc/lib/cube/libogc.a(si.o)
                0x000000008001b6c4                SI_GetTypeAsync
 .text.SI_EnablePollingInterrupt
                0x000000008001b7b8       0x90 /home/sleepy/devkitPro/libogc/lib/cube/libogc.a(si.o)
                0x000000008001b7b8                SI_EnablePollingInterrupt
 .text.SI_UnregisterPollingHandler
                0x000000008001b848       0xe4 /home/sleepy/devkitPro/libogc/lib/cube/libogc.a(si.o)
                0x000000008001b848                SI_UnregisterPollingHandler
 .text.SI_RegisterPollingHandler
                0x000000008001b92c       0xec /home/sleepy/devkitPro/libogc/lib/cube/libogc.a(si.o)
                0x000000008001b92c                SI_RegisterPollingHandler
 .text.__si_init
                0x000000008001ba18       0xe4 /home/sleepy/devkitPro/libogc/lib/cube/libogc.a(si.o)
                0x000000008001ba18                __si_init
 .text.__time_exi_unlock
                0x000000008001bafc       0x28 /home/sleepy/devkitPro/libogc/lib/cube/libogc.a(timesupp.o)
 .text.__getrtc
                0x000000008001bb24       0xd8 /home/sleepy/devkitPro/libogc/lib/cube/libogc.a(timesupp.o)
 .text.gettick  0x000000008001bbfc        0x8 /home/sleepy/devkitPro/libogc/lib/cube/libogc.a(timesupp.o)
                0x000000008001bbfc                gettick
 .text.gettime  0x000000008001bc04       0x18 /home/sleepy/devkitPro/libogc/lib/cube/libogc.a(timesupp.o)
                0x000000008001bc04                gettime
 .text.diff_usec
                0x000000008001bc1c       0x80 /home/sleepy/devkitPro/libogc/lib/cube/libogc.a(timesupp.o)
                0x000000008001bc1c                diff_usec
 .text.__timesystem_init
                0x000000008001bc9c       0x38 /home/sleepy/devkitPro/libogc/lib/cube/libogc.a(timesupp.o)
                0x000000008001bc9c                __timesystem_init
 .text.udelay   0x000000008001bcd4       0x48 /home/sleepy/devkitPro/libogc/lib/cube/libogc.a(timesupp.o)
                0x000000008001bcd4                udelay
 .text.nanosleep
                0x000000008001bd1c       0xf8 /home/sleepy/devkitPro/libogc/lib/cube/libogc.a(timesupp.o)
                0x000000008001bd1c                nanosleep
 .text.time     0x000000008001be14       0xe0 /home/sleepy/devkitPro/libogc/lib/cube/libogc.a(timesupp.o)
                0x000000008001be14                time
 .text.usleep   0x000000008001bef4       0x44 /home/sleepy/devkitPro/libogc/lib/cube/libogc.a(timesupp.o)
                0x000000008001bef4                usleep
 .text.__libogc_gettod_r
                0x000000008001bf38       0x64 /home/sleepy/devkitPro/libogc/lib/cube/libogc.a(timesupp.o)
                0x000000008001bf38                __libogc_gettod_r
 .text.__libogc_lock_init
                0x000000008001bf9c       0x5c /home/sleepy/devkitPro/libogc/lib/cube/libogc.a(lock_supp.o)
                0x000000008001bf9c                __libogc_lock_init
 .text.__libogc_lock_close
                0x000000008001bff8       0x48 /home/sleepy/devkitPro/libogc/lib/cube/libogc.a(lock_supp.o)
                0x000000008001bff8                __libogc_lock_close
 .text.__libogc_lock_acquire
                0x000000008001c040       0x40 /home/sleepy/devkitPro/libogc/lib/cube/libogc.a(lock_supp.o)
                0x000000008001c040                __libogc_lock_acquire
 .text.__libogc_lock_release
                0x000000008001c080       0x40 /home/sleepy/devkitPro/libogc/lib/cube/libogc.a(lock_supp.o)
                0x000000008001c080                __libogc_lock_release
 .text.__libc_create_hook
                0x000000008001c0c0       0x10 /home/sleepy/devkitPro/libogc/lib/cube/libogc.a(newlibc.o)
                0x000000008001c0c0                __libc_create_hook
 .text.__libc_start_hook
                0x000000008001c0d0      0x18c /home/sleepy/devkitPro/libogc/lib/cube/libogc.a(newlibc.o)
                0x000000008001c0d0                __libc_start_hook
 .text.__libc_delete_hook
                0x000000008001c25c       0x78 /home/sleepy/devkitPro/libogc/lib/cube/libogc.a(newlibc.o)
                0x000000008001c25c                __libc_delete_hook
 .text.__libc_init
                0x000000008001c2d4       0xb8 /home/sleepy/devkitPro/libogc/lib/cube/libogc.a(newlibc.o)
                0x000000008001c2d4                __libc_init
 .text.__usbgecko_exi_wait
                0x000000008001c38c       0xb4 /home/sleepy/devkitPro/libogc/lib/cube/libogc.a(usbgecko.o)
 .text.__usbgecko_exi_unlock
                0x000000008001c440       0x30 /home/sleepy/devkitPro/libogc/lib/cube/libogc.a(usbgecko.o)
 .text.__send_command
                0x000000008001c470       0x8c /home/sleepy/devkitPro/libogc/lib/cube/libogc.a(usbgecko.o)
 .text.__usb_sendbyte
                0x000000008001c4fc       0x44 /home/sleepy/devkitPro/libogc/lib/cube/libogc.a(usbgecko.o)
 .text.__usb_checksend
                0x000000008001c540       0x3c /home/sleepy/devkitPro/libogc/lib/cube/libogc.a(usbgecko.o)
                0x000000008001c540                __usb_checksend
 .text.usb_isgeckoalive
                0x000000008001c57c       0x90 /home/sleepy/devkitPro/libogc/lib/cube/libogc.a(usbgecko.o)
                0x000000008001c57c                usb_isgeckoalive
 .text.usb_sendbuffer_ex
                0x000000008001c60c       0x74 /home/sleepy/devkitPro/libogc/lib/cube/libogc.a(usbgecko.o)
                0x000000008001c60c                usb_sendbuffer_ex
 .text.usb_sendbuffer
                0x000000008001c680        0x8 /home/sleepy/devkitPro/libogc/lib/cube/libogc.a(usbgecko.o)
                0x000000008001c680                usb_sendbuffer
 .text.usb_sendbuffer_safe_ex
                0x000000008001c688       0x84 /home/sleepy/devkitPro/libogc/lib/cube/libogc.a(usbgecko.o)
                0x000000008001c688                usb_sendbuffer_safe_ex
 .text.usb_sendbuffer_safe
                0x000000008001c70c        0x8 /home/sleepy/devkitPro/libogc/lib/cube/libogc.a(usbgecko.o)
                0x000000008001c70c                usb_sendbuffer_safe
 .text.__libogc_sbrk_r
                0x000000008001c714       0x8c /home/sleepy/devkitPro/libogc/lib/cube/libogc.a(sbrk.o)
                0x000000008001c714                __libogc_sbrk_r
 .text.__lwp_thread_dispatchdisable
                0x000000008001c7a0       0x10 /home/sleepy/devkitPro/libogc/lib/cube/libogc.a(malloc_lock.o)
 .text.__lwp_thread_dispatchenable
                0x000000008001c7b0       0x34 /home/sleepy/devkitPro/libogc/lib/cube/libogc.a(malloc_lock.o)
 .text.__memlock_init
                0x000000008001c7e4       0x64 /home/sleepy/devkitPro/libogc/lib/cube/libogc.a(malloc_lock.o)
                0x000000008001c7e4                __memlock_init
 .text.__libogc_malloc_lock
                0x000000008001c848      0x1c8 /home/sleepy/devkitPro/libogc/lib/cube/libogc.a(malloc_lock.o)
                0x000000008001c848                __libogc_malloc_lock
 .text.__libogc_malloc_unlock
                0x000000008001ca10       0x48 /home/sleepy/devkitPro/libogc/lib/cube/libogc.a(malloc_lock.o)
                0x000000008001ca10                __libogc_malloc_unlock
 .text.__CheckARGV
                0x000000008001ca58       0x78 /home/sleepy/devkitPro/libogc/lib/cube/libogc.a(argv.o)
                0x000000008001ca58                __CheckARGV
 .text.__lwp_priority_init
                0x000000008001cad0       0x24 /home/sleepy/devkitPro/libogc/lib/cube/libogc.a(lwp_priority.o)
                0x000000008001cad0                __lwp_priority_init
 .text.__lwp_wd_remove_ticks
                0x000000008001caf4       0x2c /home/sleepy/devkitPro/libogc/lib/cube/libogc.a(lwp_threadq.o)
 .text.__lwp_thread_unblock
                0x000000008001cb20       0x28 /home/sleepy/devkitPro/libogc/lib/cube/libogc.a(lwp_threadq.o)
 .text.__lwp_threadqueue_enqueuefifo
                0x000000008001cb48       0xf8 /home/sleepy/devkitPro/libogc/lib/cube/libogc.a(lwp_threadq.o)
                0x000000008001cb48                __lwp_threadqueue_enqueuefifo
 .text.__lwp_threadqueue_dequeuefifo
                0x000000008001cc40      0x114 /home/sleepy/devkitPro/libogc/lib/cube/libogc.a(lwp_threadq.o)
                0x000000008001cc40                __lwp_threadqueue_dequeuefifo
 .text.__lwp_threadqueue_enqueuepriority
                0x000000008001cd54      0x2a0 /home/sleepy/devkitPro/libogc/lib/cube/libogc.a(lwp_threadq.o)
                0x000000008001cd54                __lwp_threadqueue_enqueuepriority
 .text.__lwp_threadqueue_dequeuepriority
                0x000000008001cff4      0x194 /home/sleepy/devkitPro/libogc/lib/cube/libogc.a(lwp_threadq.o)
                0x000000008001cff4                __lwp_threadqueue_dequeuepriority
 .text.__lwp_threadqueue_init
                0x000000008001d188       0x8c /home/sleepy/devkitPro/libogc/lib/cube/libogc.a(lwp_threadq.o)
                0x000000008001d188                __lwp_threadqueue_init
 .text.__lwp_threadqueue_enqueue
                0x000000008001d214      0x100 /home/sleepy/devkitPro/libogc/lib/cube/libogc.a(lwp_threadq.o)
                0x000000008001d214                __lwp_threadqueue_enqueue
 .text.__lwp_threadqueue_dequeue
                0x000000008001d314       0x28 /home/sleepy/devkitPro/libogc/lib/cube/libogc.a(lwp_threadq.o)
                0x000000008001d314                __lwp_threadqueue_dequeue
 .text.__lwp_threadqueue_flush
                0x000000008001d33c       0x38 /home/sleepy/devkitPro/libogc/lib/cube/libogc.a(lwp_threadq.o)
                0x000000008001d33c                __lwp_threadqueue_flush
 .text.__lwp_threadqueue_extractfifo
                0x000000008001d374       0xd4 /home/sleepy/devkitPro/libogc/lib/cube/libogc.a(lwp_threadq.o)
                0x000000008001d374                __lwp_threadqueue_extractfifo
 .text.__lwp_threadqueue_extractpriority
                0x000000008001d448      0x12c /home/sleepy/devkitPro/libogc/lib/cube/libogc.a(lwp_threadq.o)
                0x000000008001d448                __lwp_threadqueue_extractpriority
 .text.__lwp_threadqueue_extract
                0x000000008001d574       0x20 /home/sleepy/devkitPro/libogc/lib/cube/libogc.a(lwp_threadq.o)
                0x000000008001d574                __lwp_threadqueue_extract
 .text.__lwp_threadqueue_timeout
                0x000000008001d594       0x74 /home/sleepy/devkitPro/libogc/lib/cube/libogc.a(lwp_threadq.o)
 .text.__lwp_threadqueue_extractproxy
                0x000000008001d608       0x3c /home/sleepy/devkitPro/libogc/lib/cube/libogc.a(lwp_threadq.o)
                0x000000008001d608                __lwp_threadqueue_extractproxy
 .text.__lwp_priomap_addto
                0x000000008001d644       0x28 /home/sleepy/devkitPro/libogc/lib/cube/libogc.a(lwp_threads.o)
 .text.__lwp_thread_calcheir
                0x000000008001d66c       0x3c /home/sleepy/devkitPro/libogc/lib/cube/libogc.a(lwp_threads.o)
 .text.__lwp_thread_dispatchunnest
                0x000000008001d6a8       0x10 /home/sleepy/devkitPro/libogc/lib/cube/libogc.a(lwp_threads.o)
 .text.__lwp_priomap_removefrom
                0x000000008001d6b8       0x38 /home/sleepy/devkitPro/libogc/lib/cube/libogc.a(lwp_threads.o)
 .text.__lwp_wd_insert_ticks.constprop.4
                0x000000008001d6f0       0x60 /home/sleepy/devkitPro/libogc/lib/cube/libogc.a(lwp_threads.o)
 .text.__lwp_isr_in_progress
                0x000000008001d750        0x8 /home/sleepy/devkitPro/libogc/lib/cube/libogc.a(lwp_threads.o)
                0x000000008001d750                __lwp_isr_in_progress
 .text.__thread_dispatch_fp
                0x000000008001d758       0x7c /home/sleepy/devkitPro/libogc/lib/cube/libogc.a(lwp_threads.o)
                0x000000008001d758                __thread_dispatch_fp
 .text.__thread_dispatch
                0x000000008001d7d4       0xe0 /home/sleepy/devkitPro/libogc/lib/cube/libogc.a(lwp_threads.o)
                0x000000008001d7d4                __thread_dispatch
 .text.__lwp_thread_dispatchenable
                0x000000008001d8b4       0x18 /home/sleepy/devkitPro/libogc/lib/cube/libogc.a(lwp_threads.o)
 .text.__lwp_thread_resettimeslice
                0x000000008001d8cc       0xcc /home/sleepy/devkitPro/libogc/lib/cube/libogc.a(lwp_threads.o)
                0x000000008001d8cc                __lwp_thread_resettimeslice
 .text.__lwp_thread_tickle_timeslice
                0x000000008001d998       0x80 /home/sleepy/devkitPro/libogc/lib/cube/libogc.a(lwp_threads.o)
                0x000000008001d998                __lwp_thread_tickle_timeslice
 .text.__lwp_thread_setstate
                0x000000008001da18       0xf8 /home/sleepy/devkitPro/libogc/lib/cube/libogc.a(lwp_threads.o)
                0x000000008001da18                __lwp_thread_setstate
 .text.__lwp_thread_clearstate
                0x000000008001db10       0xe8 /home/sleepy/devkitPro/libogc/lib/cube/libogc.a(lwp_threads.o)
                0x000000008001db10                __lwp_thread_clearstate
 .text.__lwp_thread_delayended
                0x000000008001dbf8       0x4c /home/sleepy/devkitPro/libogc/lib/cube/libogc.a(lwp_threads.o)
                0x000000008001dbf8                __lwp_thread_delayended
 .text.__lwp_thread_setpriority
                0x000000008001dc44       0x5c /home/sleepy/devkitPro/libogc/lib/cube/libogc.a(lwp_threads.o)
                0x000000008001dc44                __lwp_thread_setpriority
 .text.__lwp_thread_settransient
                0x000000008001dca0       0xa8 /home/sleepy/devkitPro/libogc/lib/cube/libogc.a(lwp_threads.o)
                0x000000008001dca0                __lwp_thread_settransient
 .text.__lwp_thread_changepriority
                0x000000008001dd48      0x118 /home/sleepy/devkitPro/libogc/lib/cube/libogc.a(lwp_threads.o)
                0x000000008001dd48                __lwp_thread_changepriority
 .text.__lwp_thread_loadenv
                0x000000008001de60       0x78 /home/sleepy/devkitPro/libogc/lib/cube/libogc.a(lwp_threads.o)
                0x000000008001de60                __lwp_thread_loadenv
 .text.__lwp_thread_ready
                0x000000008001ded8       0xc0 /home/sleepy/devkitPro/libogc/lib/cube/libogc.a(lwp_threads.o)
                0x000000008001ded8                __lwp_thread_ready
 .text.__lwp_thread_init
                0x000000008001df98       0xf8 /home/sleepy/devkitPro/libogc/lib/cube/libogc.a(lwp_threads.o)
                0x000000008001df98                __lwp_thread_init
 .text.__lwp_thread_close
                0x000000008001e090      0x108 /home/sleepy/devkitPro/libogc/lib/cube/libogc.a(lwp_threads.o)
                0x000000008001e090                __lwp_thread_close
 .text.__lwp_thread_closeall
                0x000000008001e198       0x9c /home/sleepy/devkitPro/libogc/lib/cube/libogc.a(lwp_threads.o)
                0x000000008001e198                __lwp_thread_closeall
 .text.__lwp_thread_exit
                0x000000008001e234       0x38 /home/sleepy/devkitPro/libogc/lib/cube/libogc.a(lwp_threads.o)
                0x000000008001e234                __lwp_thread_exit
 .text.__lwp_thread_handler
                0x000000008001e26c       0x68 /home/sleepy/devkitPro/libogc/lib/cube/libogc.a(lwp_threads.o)
 .text.__lwp_thread_start
                0x000000008001e2d4       0x58 /home/sleepy/devkitPro/libogc/lib/cube/libogc.a(lwp_threads.o)
                0x000000008001e2d4                __lwp_thread_start
 .text.__lwp_thread_startmultitasking
                0x000000008001e32c       0x64 /home/sleepy/devkitPro/libogc/lib/cube/libogc.a(lwp_threads.o)
                0x000000008001e32c                __lwp_thread_startmultitasking
 .text.__lwp_thread_stopmultitasking
                0x000000008001e390       0x5c /home/sleepy/devkitPro/libogc/lib/cube/libogc.a(lwp_threads.o)
                0x000000008001e390                __lwp_thread_stopmultitasking
 .text.__lwp_thread_coreinit
                0x000000008001e3ec       0xd8 /home/sleepy/devkitPro/libogc/lib/cube/libogc.a(lwp_threads.o)
                0x000000008001e3ec                __lwp_thread_coreinit
 .text.__lwp_objmgr_open
                0x000000008001e4c4       0x20 /home/sleepy/devkitPro/libogc/lib/cube/libogc.a(lwp.o)
 .text.__lwp_thread_dispatchdisable
                0x000000008001e4e4       0x10 /home/sleepy/devkitPro/libogc/lib/cube/libogc.a(lwp.o)
 .text.idle_func
                0x000000008001e4f4        0x4 /home/sleepy/devkitPro/libogc/lib/cube/libogc.a(lwp.o)
 .text.__lwp_thread_dispatchenable
                0x000000008001e4f8       0x34 /home/sleepy/devkitPro/libogc/lib/cube/libogc.a(lwp.o)
 .text.__lwp_tqueue_open
                0x000000008001e52c       0x48 /home/sleepy/devkitPro/libogc/lib/cube/libogc.a(lwp.o)
 .text.__lwp_sysinit
                0x000000008001e574       0xec /home/sleepy/devkitPro/libogc/lib/cube/libogc.a(lwp.o)
                0x000000008001e574                __lwp_sysinit
 .text.LWP_InitQueue
                0x000000008001e660       0x84 /home/sleepy/devkitPro/libogc/lib/cube/libogc.a(lwp.o)
                0x000000008001e660                LWP_InitQueue
 .text.LWP_ThreadSleep
                0x000000008001e6e4       0xa0 /home/sleepy/devkitPro/libogc/lib/cube/libogc.a(lwp.o)
                0x000000008001e6e4                LWP_ThreadSleep
 .text.LWP_ThreadBroadcast
                0x000000008001e784       0x50 /home/sleepy/devkitPro/libogc/lib/cube/libogc.a(lwp.o)
                0x000000008001e784                LWP_ThreadBroadcast
 .text.__lwp_stack_allocate
                0x000000008001e7d4       0x50 /home/sleepy/devkitPro/libogc/lib/cube/libogc.a(lwp_stack.o)
                0x000000008001e7d4                __lwp_stack_allocate
 .text.__lwp_stack_free
                0x000000008001e824       0x3c /home/sleepy/devkitPro/libogc/lib/cube/libogc.a(lwp_stack.o)
                0x000000008001e824                __lwp_stack_free
 .text.__lwp_mutex_initialize
                0x000000008001e860       0x98 /home/sleepy/devkitPro/libogc/lib/cube/libogc.a(lwp_mutex.o)
                0x000000008001e860                __lwp_mutex_initialize
 .text.__lwp_mutex_surrender
                0x000000008001e8f8      0x128 /home/sleepy/devkitPro/libogc/lib/cube/libogc.a(lwp_mutex.o)
                0x000000008001e8f8                __lwp_mutex_surrender
 .text.__lwp_mutex_seize_irq_blocking
                0x000000008001ea20       0xbc /home/sleepy/devkitPro/libogc/lib/cube/libogc.a(lwp_mutex.o)
                0x000000008001ea20                __lwp_mutex_seize_irq_blocking
 .text.__lwp_mutex_flush
                0x000000008001eadc       0x20 /home/sleepy/devkitPro/libogc/lib/cube/libogc.a(lwp_mutex.o)
                0x000000008001eadc                __lwp_mutex_flush
 .text.__lwp_wd_settimer.isra.3
                0x000000008001eafc       0xb4 /home/sleepy/devkitPro/libogc/lib/cube/libogc.a(lwp_watchdog.o)
 .text.__lwp_watchdog_init
                0x000000008001ebb0       0x2c /home/sleepy/devkitPro/libogc/lib/cube/libogc.a(lwp_watchdog.o)
                0x000000008001ebb0                __lwp_watchdog_init
 .text.__lwp_wd_insert
                0x000000008001ebdc      0x150 /home/sleepy/devkitPro/libogc/lib/cube/libogc.a(lwp_watchdog.o)
                0x000000008001ebdc                __lwp_wd_insert
 .text.__lwp_wd_remove
                0x000000008001ed2c       0xd0 /home/sleepy/devkitPro/libogc/lib/cube/libogc.a(lwp_watchdog.o)
                0x000000008001ed2c                __lwp_wd_remove
 .text.__lwp_wd_tickle
                0x000000008001edfc       0xfc /home/sleepy/devkitPro/libogc/lib/cube/libogc.a(lwp_watchdog.o)
                0x000000008001edfc                __lwp_wd_tickle
 .text.__lwp_wkspace_init
                0x000000008001eef8       0xa0 /home/sleepy/devkitPro/libogc/lib/cube/libogc.a(lwp_wkspace.o)
                0x000000008001eef8                __lwp_wkspace_init
 .text.__lwp_objmgr_initinfo
                0x000000008001ef98      0x148 /home/sleepy/devkitPro/libogc/lib/cube/libogc.a(lwp_objmgr.o)
                0x000000008001ef98                __lwp_objmgr_initinfo
 .text.__lwp_objmgr_getisrdisable
                0x000000008001f0e0       0x68 /home/sleepy/devkitPro/libogc/lib/cube/libogc.a(lwp_objmgr.o)
                0x000000008001f0e0                __lwp_objmgr_getisrdisable
 .text.__lwp_objmgr_getnoprotection
                0x000000008001f148       0x24 /home/sleepy/devkitPro/libogc/lib/cube/libogc.a(lwp_objmgr.o)
                0x000000008001f148                __lwp_objmgr_getnoprotection
 .text.__lwp_objmgr_get
                0x000000008001f16c       0x68 /home/sleepy/devkitPro/libogc/lib/cube/libogc.a(lwp_objmgr.o)
                0x000000008001f16c                __lwp_objmgr_get
 .text.__lwp_objmgr_allocate
                0x000000008001f1d4       0x78 /home/sleepy/devkitPro/libogc/lib/cube/libogc.a(lwp_objmgr.o)
                0x000000008001f1d4                __lwp_objmgr_allocate
 .text.__lwp_objmgr_free
                0x000000008001f24c       0x60 /home/sleepy/devkitPro/libogc/lib/cube/libogc.a(lwp_objmgr.o)
                0x000000008001f24c                __lwp_objmgr_free
 .text.__lwp_heap_init
                0x000000008001f2ac       0xb0 /home/sleepy/devkitPro/libogc/lib/cube/libogc.a(lwp_heap.o)
                0x000000008001f2ac                __lwp_heap_init
 .text.__lwp_heap_allocate
                0x000000008001f35c      0x130 /home/sleepy/devkitPro/libogc/lib/cube/libogc.a(lwp_heap.o)
                0x000000008001f35c                __lwp_heap_allocate
 .text.__lwp_heap_free
                0x000000008001f48c      0x1d8 /home/sleepy/devkitPro/libogc/lib/cube/libogc.a(lwp_heap.o)
                0x000000008001f48c                __lwp_heap_free
 .text.__exception_load
                0x000000008001f664       0x78 /home/sleepy/devkitPro/libogc/lib/cube/libogc.a(exception.o)
                0x000000008001f664                __exception_load
 .text.__systemcall_init
                0x000000008001f6dc       0x20 /home/sleepy/devkitPro/libogc/lib/cube/libogc.a(exception.o)
                0x000000008001f6dc                __systemcall_init
 .text.__exception_init
                0x000000008001f6fc       0xa4 /home/sleepy/devkitPro/libogc/lib/cube/libogc.a(exception.o)
                0x000000008001f6fc                __exception_init
 .text.__exception_close
                0x000000008001f7a0       0x94 /home/sleepy/devkitPro/libogc/lib/cube/libogc.a(exception.o)
                0x000000008001f7a0                __exception_close
 .text.__exception_closeall
                0x000000008001f834       0x4c /home/sleepy/devkitPro/libogc/lib/cube/libogc.a(exception.o)
                0x000000008001f834                __exception_closeall
 .text.c_default_exceptionhandler
                0x000000008001f880      0x3d8 /home/sleepy/devkitPro/libogc/lib/cube/libogc.a(exception.o)
                0x000000008001f880                c_default_exceptionhandler
 .text.__SetInterrupts
                0x000000008001fc58      0x27c /home/sleepy/devkitPro/libogc/lib/cube/libogc.a(irq.o)
 .text.c_irqdispatcher
                0x000000008001fed4      0x280 /home/sleepy/devkitPro/libogc/lib/cube/libogc.a(irq.o)
                0x000000008001fed4                c_irqdispatcher
 .text.__UnmaskIrq
                0x0000000080020154       0x7c /home/sleepy/devkitPro/libogc/lib/cube/libogc.a(irq.o)
                0x0000000080020154                __UnmaskIrq
 .text.__MaskIrq
                0x00000000800201d0       0x7c /home/sleepy/devkitPro/libogc/lib/cube/libogc.a(irq.o)
                0x00000000800201d0                __MaskIrq
 .text.__irq_init
                0x000000008002024c       0x94 /home/sleepy/devkitPro/libogc/lib/cube/libogc.a(irq.o)
                0x000000008002024c                __irq_init
 .text.IRQ_Request
                0x00000000800202e0       0x54 /home/sleepy/devkitPro/libogc/lib/cube/libogc.a(irq.o)
                0x00000000800202e0                IRQ_Request
 .text.IRQ_GetHandler